<?xml version="1.0" encoding="ISO-8859-1" ?>
<link_info>
   <banner>TI ARM Linker Unix v18.1.4.LTS</banner>
   <copyright>Copyright (c) 1996-2018 Texas Instruments Incorporated</copyright>
   <link_time>0x5e2adb11</link_time>
   <link_errors>0x0</link_errors>
   <output_file>MicroBot.out</output_file>
   <entry_point>
      <name>_c_int00_noargs</name>
      <address>0xdb21</address>
   </entry_point>
   <input_file_list>
      <input_file id="fl-2">
         <path>./</path>
         <kind>object</kind>
         <file>bot_motion.obj</file>
         <name>bot_motion.obj</name>
      </input_file>
      <input_file id="fl-3">
         <path>./</path>
         <kind>object</kind>
         <file>main.obj</file>
         <name>main.obj</name>
      </input_file>
      <input_file id="fl-4">
         <path>./</path>
         <kind>object</kind>
         <file>startup_ccs.obj</file>
         <name>startup_ccs.obj</name>
      </input_file>
      <input_file id="fl-5">
         <path>./</path>
         <kind>object</kind>
         <file>tiva_tasks.obj</file>
         <name>tiva_tasks.obj</name>
      </input_file>
      <input_file id="fl-6">
         <path>./FreeRTOS/Source/</path>
         <kind>object</kind>
         <file>croutine.obj</file>
         <name>croutine.obj</name>
      </input_file>
      <input_file id="fl-7">
         <path>./FreeRTOS/Source/</path>
         <kind>object</kind>
         <file>event_groups.obj</file>
         <name>event_groups.obj</name>
      </input_file>
      <input_file id="fl-8">
         <path>./FreeRTOS/Source/</path>
         <kind>object</kind>
         <file>list.obj</file>
         <name>list.obj</name>
      </input_file>
      <input_file id="fl-9">
         <path>./FreeRTOS/Source/</path>
         <kind>object</kind>
         <file>queue.obj</file>
         <name>queue.obj</name>
      </input_file>
      <input_file id="fl-a">
         <path>./FreeRTOS/Source/</path>
         <kind>object</kind>
         <file>stream_buffer.obj</file>
         <name>stream_buffer.obj</name>
      </input_file>
      <input_file id="fl-b">
         <path>./FreeRTOS/Source/</path>
         <kind>object</kind>
         <file>tasks.obj</file>
         <name>tasks.obj</name>
      </input_file>
      <input_file id="fl-c">
         <path>./FreeRTOS/Source/</path>
         <kind>object</kind>
         <file>timers.obj</file>
         <name>timers.obj</name>
      </input_file>
      <input_file id="fl-d">
         <path>./FreeRTOS/Source/portable/CCS/ARM_CM4F/</path>
         <kind>object</kind>
         <file>port.obj</file>
         <name>port.obj</name>
      </input_file>
      <input_file id="fl-e">
         <path>./FreeRTOS/Source/portable/CCS/ARM_CM4F/</path>
         <kind>object</kind>
         <file>portasm.obj</file>
         <name>portasm.obj</name>
      </input_file>
      <input_file id="fl-f">
         <path>./FreeRTOS/Source/portable/MemMang/</path>
         <kind>object</kind>
         <file>heap_4.obj</file>
         <name>heap_4.obj</name>
      </input_file>
      <input_file id="fl-10">
         <path>./driverlib/</path>
         <kind>object</kind>
         <file>adc.obj</file>
         <name>adc.obj</name>
      </input_file>
      <input_file id="fl-11">
         <path>./driverlib/</path>
         <kind>object</kind>
         <file>aes.obj</file>
         <name>aes.obj</name>
      </input_file>
      <input_file id="fl-12">
         <path>./driverlib/</path>
         <kind>object</kind>
         <file>can.obj</file>
         <name>can.obj</name>
      </input_file>
      <input_file id="fl-13">
         <path>./driverlib/</path>
         <kind>object</kind>
         <file>comp.obj</file>
         <name>comp.obj</name>
      </input_file>
      <input_file id="fl-14">
         <path>./driverlib/</path>
         <kind>object</kind>
         <file>cpu.obj</file>
         <name>cpu.obj</name>
      </input_file>
      <input_file id="fl-15">
         <path>./driverlib/</path>
         <kind>object</kind>
         <file>crc.obj</file>
         <name>crc.obj</name>
      </input_file>
      <input_file id="fl-16">
         <path>./driverlib/</path>
         <kind>object</kind>
         <file>des.obj</file>
         <name>des.obj</name>
      </input_file>
      <input_file id="fl-17">
         <path>./driverlib/</path>
         <kind>object</kind>
         <file>eeprom.obj</file>
         <name>eeprom.obj</name>
      </input_file>
      <input_file id="fl-18">
         <path>./driverlib/</path>
         <kind>object</kind>
         <file>emac.obj</file>
         <name>emac.obj</name>
      </input_file>
      <input_file id="fl-19">
         <path>./driverlib/</path>
         <kind>object</kind>
         <file>epi.obj</file>
         <name>epi.obj</name>
      </input_file>
      <input_file id="fl-1a">
         <path>./driverlib/</path>
         <kind>object</kind>
         <file>epi_workaround_ccs.obj</file>
         <name>epi_workaround_ccs.obj</name>
      </input_file>
      <input_file id="fl-1b">
         <path>./driverlib/</path>
         <kind>object</kind>
         <file>flash.obj</file>
         <name>flash.obj</name>
      </input_file>
      <input_file id="fl-1c">
         <path>./driverlib/</path>
         <kind>object</kind>
         <file>fpu.obj</file>
         <name>fpu.obj</name>
      </input_file>
      <input_file id="fl-1d">
         <path>./driverlib/</path>
         <kind>object</kind>
         <file>gpio.obj</file>
         <name>gpio.obj</name>
      </input_file>
      <input_file id="fl-1e">
         <path>./driverlib/</path>
         <kind>object</kind>
         <file>hibernate.obj</file>
         <name>hibernate.obj</name>
      </input_file>
      <input_file id="fl-1f">
         <path>./driverlib/</path>
         <kind>object</kind>
         <file>i2c.obj</file>
         <name>i2c.obj</name>
      </input_file>
      <input_file id="fl-20">
         <path>./driverlib/</path>
         <kind>object</kind>
         <file>interrupt.obj</file>
         <name>interrupt.obj</name>
      </input_file>
      <input_file id="fl-21">
         <path>./driverlib/</path>
         <kind>object</kind>
         <file>lcd.obj</file>
         <name>lcd.obj</name>
      </input_file>
      <input_file id="fl-22">
         <path>./driverlib/</path>
         <kind>object</kind>
         <file>mpu.obj</file>
         <name>mpu.obj</name>
      </input_file>
      <input_file id="fl-23">
         <path>./driverlib/</path>
         <kind>object</kind>
         <file>onewire.obj</file>
         <name>onewire.obj</name>
      </input_file>
      <input_file id="fl-24">
         <path>./driverlib/</path>
         <kind>object</kind>
         <file>pwm.obj</file>
         <name>pwm.obj</name>
      </input_file>
      <input_file id="fl-25">
         <path>./driverlib/</path>
         <kind>object</kind>
         <file>qei.obj</file>
         <name>qei.obj</name>
      </input_file>
      <input_file id="fl-26">
         <path>./driverlib/</path>
         <kind>object</kind>
         <file>shamd5.obj</file>
         <name>shamd5.obj</name>
      </input_file>
      <input_file id="fl-27">
         <path>./driverlib/</path>
         <kind>object</kind>
         <file>ssi.obj</file>
         <name>ssi.obj</name>
      </input_file>
      <input_file id="fl-28">
         <path>./driverlib/</path>
         <kind>object</kind>
         <file>sw_crc.obj</file>
         <name>sw_crc.obj</name>
      </input_file>
      <input_file id="fl-29">
         <path>./driverlib/</path>
         <kind>object</kind>
         <file>sysctl.obj</file>
         <name>sysctl.obj</name>
      </input_file>
      <input_file id="fl-2a">
         <path>./driverlib/</path>
         <kind>object</kind>
         <file>sysexc.obj</file>
         <name>sysexc.obj</name>
      </input_file>
      <input_file id="fl-2b">
         <path>./driverlib/</path>
         <kind>object</kind>
         <file>systick.obj</file>
         <name>systick.obj</name>
      </input_file>
      <input_file id="fl-2c">
         <path>./driverlib/</path>
         <kind>object</kind>
         <file>timer.obj</file>
         <name>timer.obj</name>
      </input_file>
      <input_file id="fl-2d">
         <path>./driverlib/</path>
         <kind>object</kind>
         <file>uart.obj</file>
         <name>uart.obj</name>
      </input_file>
      <input_file id="fl-2e">
         <path>./driverlib/</path>
         <kind>object</kind>
         <file>udma.obj</file>
         <name>udma.obj</name>
      </input_file>
      <input_file id="fl-2f">
         <path>./driverlib/</path>
         <kind>object</kind>
         <file>usb.obj</file>
         <name>usb.obj</name>
      </input_file>
      <input_file id="fl-30">
         <path>./driverlib/</path>
         <kind>object</kind>
         <file>watchdog.obj</file>
         <name>watchdog.obj</name>
      </input_file>
      <input_file id="fl-31">
         <path>./drivers/</path>
         <kind>object</kind>
         <file>buttons.obj</file>
         <name>buttons.obj</name>
      </input_file>
      <input_file id="fl-32">
         <path>./drivers/</path>
         <kind>object</kind>
         <file>configADC.obj</file>
         <name>configADC.obj</name>
      </input_file>
      <input_file id="fl-33">
         <path>./drivers/</path>
         <kind>object</kind>
         <file>rgb.obj</file>
         <name>rgb.obj</name>
      </input_file>
      <input_file id="fl-34">
         <path>./usblib/device/</path>
         <kind>object</kind>
         <file>usbdaudio.obj</file>
         <name>usbdaudio.obj</name>
      </input_file>
      <input_file id="fl-35">
         <path>./usblib/device/</path>
         <kind>object</kind>
         <file>usbdbulk.obj</file>
         <name>usbdbulk.obj</name>
      </input_file>
      <input_file id="fl-36">
         <path>./usblib/device/</path>
         <kind>object</kind>
         <file>usbdcdc.obj</file>
         <name>usbdcdc.obj</name>
      </input_file>
      <input_file id="fl-37">
         <path>./usblib/device/</path>
         <kind>object</kind>
         <file>usbdcdesc.obj</file>
         <name>usbdcdesc.obj</name>
      </input_file>
      <input_file id="fl-38">
         <path>./usblib/device/</path>
         <kind>object</kind>
         <file>usbdcomp.obj</file>
         <name>usbdcomp.obj</name>
      </input_file>
      <input_file id="fl-39">
         <path>./usblib/device/</path>
         <kind>object</kind>
         <file>usbdconfig.obj</file>
         <name>usbdconfig.obj</name>
      </input_file>
      <input_file id="fl-3a">
         <path>./usblib/device/</path>
         <kind>object</kind>
         <file>usbddfu-rt.obj</file>
         <name>usbddfu-rt.obj</name>
      </input_file>
      <input_file id="fl-3b">
         <path>./usblib/device/</path>
         <kind>object</kind>
         <file>usbdenum.obj</file>
         <name>usbdenum.obj</name>
      </input_file>
      <input_file id="fl-3c">
         <path>./usblib/device/</path>
         <kind>object</kind>
         <file>usbdhandler.obj</file>
         <name>usbdhandler.obj</name>
      </input_file>
      <input_file id="fl-3d">
         <path>./usblib/device/</path>
         <kind>object</kind>
         <file>usbdhid.obj</file>
         <name>usbdhid.obj</name>
      </input_file>
      <input_file id="fl-3e">
         <path>./usblib/device/</path>
         <kind>object</kind>
         <file>usbdhidgamepad.obj</file>
         <name>usbdhidgamepad.obj</name>
      </input_file>
      <input_file id="fl-3f">
         <path>./usblib/device/</path>
         <kind>object</kind>
         <file>usbdhidkeyb.obj</file>
         <name>usbdhidkeyb.obj</name>
      </input_file>
      <input_file id="fl-40">
         <path>./usblib/device/</path>
         <kind>object</kind>
         <file>usbdhidmouse.obj</file>
         <name>usbdhidmouse.obj</name>
      </input_file>
      <input_file id="fl-41">
         <path>./usblib/device/</path>
         <kind>object</kind>
         <file>usbdmsc.obj</file>
         <name>usbdmsc.obj</name>
      </input_file>
      <input_file id="fl-42">
         <path>./usblib/host/</path>
         <kind>object</kind>
         <file>usbhaudio.obj</file>
         <name>usbhaudio.obj</name>
      </input_file>
      <input_file id="fl-43">
         <path>./usblib/host/</path>
         <kind>object</kind>
         <file>usbhhid.obj</file>
         <name>usbhhid.obj</name>
      </input_file>
      <input_file id="fl-44">
         <path>./usblib/host/</path>
         <kind>object</kind>
         <file>usbhhidkeyboard.obj</file>
         <name>usbhhidkeyboard.obj</name>
      </input_file>
      <input_file id="fl-45">
         <path>./usblib/host/</path>
         <kind>object</kind>
         <file>usbhhidmouse.obj</file>
         <name>usbhhidmouse.obj</name>
      </input_file>
      <input_file id="fl-46">
         <path>./usblib/host/</path>
         <kind>object</kind>
         <file>usbhhub.obj</file>
         <name>usbhhub.obj</name>
      </input_file>
      <input_file id="fl-47">
         <path>./usblib/host/</path>
         <kind>object</kind>
         <file>usbhmsc.obj</file>
         <name>usbhmsc.obj</name>
      </input_file>
      <input_file id="fl-48">
         <path>./usblib/host/</path>
         <kind>object</kind>
         <file>usbhostenum.obj</file>
         <name>usbhostenum.obj</name>
      </input_file>
      <input_file id="fl-49">
         <path>./usblib/host/</path>
         <kind>object</kind>
         <file>usbhscsi.obj</file>
         <name>usbhscsi.obj</name>
      </input_file>
      <input_file id="fl-4a">
         <path>./usblib/</path>
         <kind>object</kind>
         <file>usbbuffer.obj</file>
         <name>usbbuffer.obj</name>
      </input_file>
      <input_file id="fl-4b">
         <path>./usblib/</path>
         <kind>object</kind>
         <file>usbdesc.obj</file>
         <name>usbdesc.obj</name>
      </input_file>
      <input_file id="fl-4c">
         <path>./usblib/</path>
         <kind>object</kind>
         <file>usbdma.obj</file>
         <name>usbdma.obj</name>
      </input_file>
      <input_file id="fl-4d">
         <path>./usblib/</path>
         <kind>object</kind>
         <file>usbkeyboardmap.obj</file>
         <name>usbkeyboardmap.obj</name>
      </input_file>
      <input_file id="fl-4e">
         <path>./usblib/</path>
         <kind>object</kind>
         <file>usbmode.obj</file>
         <name>usbmode.obj</name>
      </input_file>
      <input_file id="fl-4f">
         <path>./usblib/</path>
         <kind>object</kind>
         <file>usbringbuf.obj</file>
         <name>usbringbuf.obj</name>
      </input_file>
      <input_file id="fl-50">
         <path>./usblib/</path>
         <kind>object</kind>
         <file>usbtick.obj</file>
         <name>usbtick.obj</name>
      </input_file>
      <input_file id="fl-51">
         <path>./usblib/</path>
         <kind>object</kind>
         <file>usbulpi.obj</file>
         <name>usbulpi.obj</name>
      </input_file>
      <input_file id="fl-52">
         <path>./utils/</path>
         <kind>object</kind>
         <file>RunTimeStatsConfig.obj</file>
         <name>RunTimeStatsConfig.obj</name>
      </input_file>
      <input_file id="fl-53">
         <path>./utils/</path>
         <kind>object</kind>
         <file>cmdline.obj</file>
         <name>cmdline.obj</name>
      </input_file>
      <input_file id="fl-54">
         <path>./utils/</path>
         <kind>object</kind>
         <file>cpu_usage.obj</file>
         <name>cpu_usage.obj</name>
      </input_file>
      <input_file id="fl-55">
         <path>./utils/</path>
         <kind>object</kind>
         <file>uartstdio.obj</file>
         <name>uartstdio.obj</name>
      </input_file>
      <input_file id="fl-59">
         <kind>object</kind>
         <file>&lt;internal&gt;</file>
         <name>&lt;internal&gt;</name>
      </input_file>
      <input_file id="fl-10f">
         <path>/home/andres/ti/ccsv8/tools/compiler/ti-cgt-arm_18.1.4.LTS/lib/</path>
         <kind>archive</kind>
         <file>rtsv7M4_T_le_v4SPD16_eabi.lib</file>
         <name>u_divt2.asm.obj</name>
      </input_file>
      <input_file id="fl-110">
         <path>/home/andres/ti/ccsv8/tools/compiler/ti-cgt-arm_18.1.4.LTS/lib/</path>
         <kind>archive</kind>
         <file>rtsv7M4_T_le_v4SPD16_eabi.lib</file>
         <name>fd_add_t2.asm.obj</name>
      </input_file>
      <input_file id="fl-111">
         <path>/home/andres/ti/ccsv8/tools/compiler/ti-cgt-arm_18.1.4.LTS/lib/</path>
         <kind>archive</kind>
         <file>rtsv7M4_T_le_v4SPD16_eabi.lib</file>
         <name>fd_mul_t2.asm.obj</name>
      </input_file>
      <input_file id="fl-112">
         <path>/home/andres/ti/ccsv8/tools/compiler/ti-cgt-arm_18.1.4.LTS/lib/</path>
         <kind>archive</kind>
         <file>rtsv7M4_T_le_v4SPD16_eabi.lib</file>
         <name>fd_tou_t2.asm.obj</name>
      </input_file>
      <input_file id="fl-113">
         <path>/home/andres/ti/ccsv8/tools/compiler/ti-cgt-arm_18.1.4.LTS/lib/</path>
         <kind>archive</kind>
         <file>rtsv7M4_T_le_v4SPD16_eabi.lib</file>
         <name>fs_toull_t2.asm.obj</name>
      </input_file>
      <input_file id="fl-114">
         <path>/home/andres/ti/ccsv8/tools/compiler/ti-cgt-arm_18.1.4.LTS/lib/</path>
         <kind>archive</kind>
         <file>rtsv7M4_T_le_v4SPD16_eabi.lib</file>
         <name>i_tofd_t2.asm.obj</name>
      </input_file>
      <input_file id="fl-115">
         <path>/home/andres/ti/ccsv8/tools/compiler/ti-cgt-arm_18.1.4.LTS/lib/</path>
         <kind>archive</kind>
         <file>rtsv7M4_T_le_v4SPD16_eabi.lib</file>
         <name>memcpy_t2.asm.obj</name>
      </input_file>
      <input_file id="fl-116">
         <path>/home/andres/ti/ccsv8/tools/compiler/ti-cgt-arm_18.1.4.LTS/lib/</path>
         <kind>archive</kind>
         <file>rtsv7M4_T_le_v4SPD16_eabi.lib</file>
         <name>u_tofd_t2.asm.obj</name>
      </input_file>
      <input_file id="fl-117">
         <path>/home/andres/ti/ccsv8/tools/compiler/ti-cgt-arm_18.1.4.LTS/lib/</path>
         <kind>archive</kind>
         <file>rtsv7M4_T_le_v4SPD16_eabi.lib</file>
         <name>memset_t2.asm.obj</name>
      </input_file>
      <input_file id="fl-118">
         <path>/home/andres/ti/ccsv8/tools/compiler/ti-cgt-arm_18.1.4.LTS/lib/</path>
         <kind>archive</kind>
         <file>rtsv7M4_T_le_v4SPD16_eabi.lib</file>
         <name>copy_zero_init.c.obj</name>
      </input_file>
      <input_file id="fl-119">
         <path>/home/andres/ti/ccsv8/tools/compiler/ti-cgt-arm_18.1.4.LTS/lib/</path>
         <kind>archive</kind>
         <file>rtsv7M4_T_le_v4SPD16_eabi.lib</file>
         <name>copy_decompress_none.c.obj</name>
      </input_file>
      <input_file id="fl-11a">
         <path>/home/andres/ti/ccsv8/tools/compiler/ti-cgt-arm_18.1.4.LTS/lib/</path>
         <kind>archive</kind>
         <file>rtsv7M4_T_le_v4SPD16_eabi.lib</file>
         <name>copy_decompress_lzss.c.obj</name>
      </input_file>
      <input_file id="fl-11b">
         <path>/home/andres/ti/ccsv8/tools/compiler/ti-cgt-arm_18.1.4.LTS/lib/</path>
         <kind>archive</kind>
         <file>rtsv7M4_T_le_v4SPD16_eabi.lib</file>
         <name>boot_cortex_m.c.obj</name>
      </input_file>
      <input_file id="fl-11c">
         <path>/home/andres/ti/ccsv8/tools/compiler/ti-cgt-arm_18.1.4.LTS/lib/</path>
         <kind>archive</kind>
         <file>rtsv7M4_T_le_v4SPD16_eabi.lib</file>
         <name>exit.c.obj</name>
      </input_file>
      <input_file id="fl-11d">
         <path>/home/andres/ti/ccsv8/tools/compiler/ti-cgt-arm_18.1.4.LTS/lib/</path>
         <kind>archive</kind>
         <file>rtsv7M4_T_le_v4SPD16_eabi.lib</file>
         <name>_lock.c.obj</name>
      </input_file>
      <input_file id="fl-11e">
         <path>/home/andres/ti/ccsv8/tools/compiler/ti-cgt-arm_18.1.4.LTS/lib/</path>
         <kind>archive</kind>
         <file>rtsv7M4_T_le_v4SPD16_eabi.lib</file>
         <name>args_main.c.obj</name>
      </input_file>
      <input_file id="fl-11f">
         <path>/home/andres/ti/ccsv8/tools/compiler/ti-cgt-arm_18.1.4.LTS/lib/</path>
         <kind>archive</kind>
         <file>rtsv7M4_T_le_v4SPD16_eabi.lib</file>
         <name>sprintf.c.obj</name>
      </input_file>
      <input_file id="fl-120">
         <path>/home/andres/ti/ccsv8/tools/compiler/ti-cgt-arm_18.1.4.LTS/lib/</path>
         <kind>archive</kind>
         <file>rtsv7M4_T_le_v4SPD16_eabi.lib</file>
         <name>strcmp.c.obj</name>
      </input_file>
      <input_file id="fl-121">
         <path>/home/andres/ti/ccsv8/tools/compiler/ti-cgt-arm_18.1.4.LTS/lib/</path>
         <kind>archive</kind>
         <file>rtsv7M4_T_le_v4SPD16_eabi.lib</file>
         <name>strcpy.c.obj</name>
      </input_file>
      <input_file id="fl-122">
         <path>/home/andres/ti/ccsv8/tools/compiler/ti-cgt-arm_18.1.4.LTS/lib/</path>
         <kind>archive</kind>
         <file>rtsv7M4_T_le_v4SPD16_eabi.lib</file>
         <name>strlen.c.obj</name>
      </input_file>
      <input_file id="fl-123">
         <path>/home/andres/ti/ccsv8/tools/compiler/ti-cgt-arm_18.1.4.LTS/lib/</path>
         <kind>archive</kind>
         <file>rtsv7M4_T_le_v4SPD16_eabi.lib</file>
         <name>div0.asm.obj</name>
      </input_file>
      <input_file id="fl-124">
         <path>/home/andres/ti/ccsv8/tools/compiler/ti-cgt-arm_18.1.4.LTS/lib/</path>
         <kind>archive</kind>
         <file>rtsv7M4_T_le_v4SPD16_eabi.lib</file>
         <name>autoinit.c.obj</name>
      </input_file>
      <input_file id="fl-125">
         <path>/home/andres/ti/ccsv8/tools/compiler/ti-cgt-arm_18.1.4.LTS/lib/</path>
         <kind>archive</kind>
         <file>rtsv7M4_T_le_v4SPD16_eabi.lib</file>
         <name>pre_init.c.obj</name>
      </input_file>
      <input_file id="fl-126">
         <path>/home/andres/ti/ccsv8/tools/compiler/ti-cgt-arm_18.1.4.LTS/lib/</path>
         <kind>archive</kind>
         <file>rtsv7M4_T_le_v4SPD16_eabi.lib</file>
         <name>cpy_tbl.c.obj</name>
      </input_file>
      <input_file id="fl-127">
         <path>/home/andres/ti/ccsv8/tools/compiler/ti-cgt-arm_18.1.4.LTS/lib/</path>
         <kind>archive</kind>
         <file>rtsv7M4_T_le_v4SPD16_eabi.lib</file>
         <name>_printfi.c.obj</name>
      </input_file>
      <input_file id="fl-128">
         <path>/home/andres/ti/ccsv8/tools/compiler/ti-cgt-arm_18.1.4.LTS/lib/</path>
         <kind>archive</kind>
         <file>rtsv7M4_T_le_v4SPD16_eabi.lib</file>
         <name>atoi.c.obj</name>
      </input_file>
      <input_file id="fl-129">
         <path>/home/andres/ti/ccsv8/tools/compiler/ti-cgt-arm_18.1.4.LTS/lib/</path>
         <kind>archive</kind>
         <file>rtsv7M4_T_le_v4SPD16_eabi.lib</file>
         <name>ctype.c.obj</name>
      </input_file>
      <input_file id="fl-12a">
         <path>/home/andres/ti/ccsv8/tools/compiler/ti-cgt-arm_18.1.4.LTS/lib/</path>
         <kind>archive</kind>
         <file>rtsv7M4_T_le_v4SPD16_eabi.lib</file>
         <name>ltoa.c.obj</name>
      </input_file>
      <input_file id="fl-12b">
         <path>/home/andres/ti/ccsv8/tools/compiler/ti-cgt-arm_18.1.4.LTS/lib/</path>
         <kind>archive</kind>
         <file>rtsv7M4_T_le_v4SPD16_eabi.lib</file>
         <name>memccpy.c.obj</name>
      </input_file>
      <input_file id="fl-12c">
         <path>/home/andres/ti/ccsv8/tools/compiler/ti-cgt-arm_18.1.4.LTS/lib/</path>
         <kind>archive</kind>
         <file>rtsv7M4_T_le_v4SPD16_eabi.lib</file>
         <name>strchr.c.obj</name>
      </input_file>
      <input_file id="fl-12d">
         <path>/home/andres/ti/ccsv8/tools/compiler/ti-cgt-arm_18.1.4.LTS/lib/</path>
         <kind>archive</kind>
         <file>rtsv7M4_T_le_v4SPD16_eabi.lib</file>
         <name>wcslen.c.obj</name>
      </input_file>
      <input_file id="fl-12e">
         <path>/home/andres/ti/ccsv8/tools/compiler/ti-cgt-arm_18.1.4.LTS/lib/</path>
         <kind>archive</kind>
         <file>rtsv7M4_T_le_v4SPD16_eabi.lib</file>
         <name>s_frexp.c.obj</name>
      </input_file>
      <input_file id="fl-12f">
         <path>/home/andres/ti/ccsv8/tools/compiler/ti-cgt-arm_18.1.4.LTS/lib/</path>
         <kind>archive</kind>
         <file>rtsv7M4_T_le_v4SPD16_eabi.lib</file>
         <name>s_scalbn.c.obj</name>
      </input_file>
      <input_file id="fl-130">
         <path>/home/andres/ti/ccsv8/tools/compiler/ti-cgt-arm_18.1.4.LTS/lib/</path>
         <kind>archive</kind>
         <file>rtsv7M4_T_le_v4SPD16_eabi.lib</file>
         <name>fd_cmp_t2.asm.obj</name>
      </input_file>
      <input_file id="fl-131">
         <path>/home/andres/ti/ccsv8/tools/compiler/ti-cgt-arm_18.1.4.LTS/lib/</path>
         <kind>archive</kind>
         <file>rtsv7M4_T_le_v4SPD16_eabi.lib</file>
         <name>fd_div_t2.asm.obj</name>
      </input_file>
      <input_file id="fl-132">
         <path>/home/andres/ti/ccsv8/tools/compiler/ti-cgt-arm_18.1.4.LTS/lib/</path>
         <kind>archive</kind>
         <file>rtsv7M4_T_le_v4SPD16_eabi.lib</file>
         <name>fd_toi_t2.asm.obj</name>
      </input_file>
      <input_file id="fl-133">
         <path>/home/andres/ti/ccsv8/tools/compiler/ti-cgt-arm_18.1.4.LTS/lib/</path>
         <kind>archive</kind>
         <file>rtsv7M4_T_le_v4SPD16_eabi.lib</file>
         <name>ull_div_t2.asm.obj</name>
      </input_file>
      <input_file id="fl-134">
         <path>/home/andres/ti/ccsv8/tools/compiler/ti-cgt-arm_18.1.4.LTS/lib/</path>
         <kind>archive</kind>
         <file>rtsv7M4_T_le_v4SPD16_eabi.lib</file>
         <name>errno.c.obj</name>
      </input_file>
      <input_file id="fl-135">
         <path>/home/andres/ti/ccsv8/tools/compiler/ti-cgt-arm_18.1.4.LTS/lib/</path>
         <kind>archive</kind>
         <file>rtsv7M4_T_le_v4SPD16_eabi.lib</file>
         <name>s_copysign.c.obj</name>
      </input_file>
   </input_file_list>
   <object_component_list>
      <object_component id="oc-f">
         <name>.intvecs</name>
         <load_address>0x0</load_address>
         <run_address>0x0</run_address>
         <size>0x26c</size>
         <input_file_ref idref="fl-4"/>
      </object_component>
      <object_component id="oc-88">
         <name>.text</name>
         <load_address>0x26c</load_address>
         <run_address>0x26c</run_address>
         <size>0x1ef8</size>
         <input_file_ref idref="fl-b"/>
      </object_component>
      <object_component id="oc-e4">
         <name>.text</name>
         <load_address>0x2164</load_address>
         <run_address>0x2164</run_address>
         <size>0x1688</size>
         <input_file_ref idref="fl-29"/>
      </object_component>
      <object_component id="oc-ea">
         <name>.text</name>
         <load_address>0x37ec</load_address>
         <run_address>0x37ec</run_address>
         <size>0x11ec</size>
         <input_file_ref idref="fl-1d"/>
      </object_component>
      <object_component id="oc-de">
         <name>.text</name>
         <load_address>0x49d8</load_address>
         <run_address>0x49d8</run_address>
         <size>0x1050</size>
         <input_file_ref idref="fl-10"/>
      </object_component>
      <object_component id="oc-1a3">
         <name>.text</name>
         <load_address>0x5a28</load_address>
         <run_address>0x5a28</run_address>
         <size>0xf48</size>
         <input_file_ref idref="fl-24"/>
      </object_component>
      <object_component id="oc-a9">
         <name>.text</name>
         <load_address>0x6970</load_address>
         <run_address>0x6970</run_address>
         <size>0xeb4</size>
         <input_file_ref idref="fl-9"/>
      </object_component>
      <object_component id="oc-f6">
         <name>.text</name>
         <load_address>0x7824</load_address>
         <run_address>0x7824</run_address>
         <size>0xcf4</size>
         <input_file_ref idref="fl-2c"/>
      </object_component>
      <object_component id="oc-35">
         <name>.text</name>
         <load_address>0x8518</load_address>
         <run_address>0x8518</run_address>
         <size>0xb8c</size>
         <input_file_ref idref="fl-55"/>
      </object_component>
      <object_component id="oc-af">
         <name>.text</name>
         <load_address>0x90a4</load_address>
         <run_address>0x90a4</run_address>
         <size>0xa74</size>
         <input_file_ref idref="fl-2d"/>
      </object_component>
      <object_component id="oc-2dd">
         <name>.text:__TI_printfi</name>
         <load_address>0x9b18</load_address>
         <run_address>0x9b18</run_address>
         <size>0xa5e</size>
         <input_file_ref idref="fl-127"/>
      </object_component>
      <object_component id="oc-1f8">
         <name>.text</name>
         <load_address>0xa576</load_address>
         <run_address>0xa576</run_address>
         <size>0x2</size>
         <input_file_ref idref="fl-123"/>
      </object_component>
      <object_component id="oc-15c">
         <name>.text</name>
         <load_address>0xa578</load_address>
         <run_address>0xa578</run_address>
         <size>0x71c</size>
         <input_file_ref idref="fl-c"/>
      </object_component>
      <object_component id="oc-f0">
         <name>.text</name>
         <load_address>0xac94</load_address>
         <run_address>0xac94</run_address>
         <size>0x490</size>
         <input_file_ref idref="fl-20"/>
      </object_component>
      <object_component id="oc-1a9">
         <name>.text</name>
         <load_address>0xb124</load_address>
         <run_address>0xb124</run_address>
         <size>0x48c</size>
         <input_file_ref idref="fl-5"/>
      </object_component>
      <object_component id="oc-8f">
         <name>.text</name>
         <load_address>0xb5b0</load_address>
         <run_address>0xb5b0</run_address>
         <size>0x394</size>
         <input_file_ref idref="fl-3"/>
      </object_component>
      <object_component id="oc-144">
         <name>.text</name>
         <load_address>0xb944</load_address>
         <run_address>0xb944</run_address>
         <size>0x370</size>
         <input_file_ref idref="fl-f"/>
      </object_component>
      <object_component id="oc-2f">
         <name>.text</name>
         <load_address>0xbcb4</load_address>
         <run_address>0xbcb4</run_address>
         <size>0x2d0</size>
         <input_file_ref idref="fl-d"/>
      </object_component>
      <object_component id="oc-3cd">
         <name>.text:_pconv_a</name>
         <load_address>0xbf84</load_address>
         <run_address>0xbf84</run_address>
         <size>0x270</size>
         <input_file_ref idref="fl-127"/>
      </object_component>
      <object_component id="oc-3b">
         <name>.text</name>
         <load_address>0xc1f4</load_address>
         <run_address>0xc1f4</run_address>
         <size>0x26c</size>
         <input_file_ref idref="fl-32"/>
      </object_component>
      <object_component id="oc-3bb">
         <name>.text:_pconv_g</name>
         <load_address>0xc460</load_address>
         <run_address>0xc460</run_address>
         <size>0x1d0</size>
         <input_file_ref idref="fl-127"/>
      </object_component>
      <object_component id="oc-2fb">
         <name>.text</name>
         <load_address>0xc630</load_address>
         <run_address>0xc630</run_address>
         <size>0x1b6</size>
         <input_file_ref idref="fl-110"/>
      </object_component>
      <object_component id="oc-3c7">
         <name>.text:_pconv_e</name>
         <load_address>0xc7e8</load_address>
         <run_address>0xc7e8</run_address>
         <size>0x13c</size>
         <input_file_ref idref="fl-127"/>
      </object_component>
      <object_component id="oc-44d">
         <name>.text</name>
         <load_address>0xc924</load_address>
         <run_address>0xc924</run_address>
         <size>0x136</size>
         <input_file_ref idref="fl-131"/>
      </object_component>
      <object_component id="oc-14a">
         <name>.text</name>
         <load_address>0xca5a</load_address>
         <run_address>0xca5a</run_address>
         <size>0x12a</size>
         <input_file_ref idref="fl-8"/>
      </object_component>
      <object_component id="oc-19d">
         <name>.text</name>
         <load_address>0xcb84</load_address>
         <run_address>0xcb84</run_address>
         <size>0x128</size>
         <input_file_ref idref="fl-31"/>
      </object_component>
      <object_component id="oc-191">
         <name>.text</name>
         <load_address>0xccac</load_address>
         <run_address>0xccac</run_address>
         <size>0x124</size>
         <input_file_ref idref="fl-2"/>
      </object_component>
      <object_component id="oc-197">
         <name>.text</name>
         <load_address>0xcdd0</load_address>
         <run_address>0xcdd0</run_address>
         <size>0x124</size>
         <input_file_ref idref="fl-54"/>
      </object_component>
      <object_component id="oc-46f">
         <name>.text:fcvt</name>
         <load_address>0xcef4</load_address>
         <run_address>0xcef4</run_address>
         <size>0x124</size>
         <input_file_ref idref="fl-127"/>
      </object_component>
      <object_component id="oc-483">
         <name>.text:scalbn</name>
         <load_address>0xd018</load_address>
         <run_address>0xd018</run_address>
         <size>0x110</size>
         <input_file_ref idref="fl-12f"/>
      </object_component>
      <object_component id="oc-2f6">
         <name>.text</name>
         <load_address>0xd128</load_address>
         <run_address>0xd128</run_address>
         <size>0xfc</size>
         <input_file_ref idref="fl-111"/>
      </object_component>
      <object_component id="oc-2a">
         <name>.text</name>
         <load_address>0xd224</load_address>
         <run_address>0xd224</run_address>
         <size>0xda</size>
         <input_file_ref idref="fl-e"/>
      </object_component>
      <object_component id="oc-3b0">
         <name>.text:_ltostr</name>
         <load_address>0xd300</load_address>
         <run_address>0xd300</run_address>
         <size>0xb1</size>
         <input_file_ref idref="fl-127"/>
      </object_component>
      <object_component id="oc-4f">
         <name>.text</name>
         <load_address>0xd3b2</load_address>
         <run_address>0xd3b2</run_address>
         <size>0x9c</size>
         <input_file_ref idref="fl-115"/>
      </object_component>
      <object_component id="oc-446">
         <name>.text</name>
         <load_address>0xd44e</load_address>
         <run_address>0xd44e</run_address>
         <size>0x96</size>
         <input_file_ref idref="fl-133"/>
      </object_component>
      <object_component id="oc-3b6">
         <name>.text:__aeabi_cdcmple</name>
         <load_address>0xd4e4</load_address>
         <run_address>0xd4e4</run_address>
         <size>0x86</size>
         <input_file_ref idref="fl-130"/>
      </object_component>
      <object_component id="oc-452">
         <name>.text:__aeabi_cdrcmple</name>
         <load_address>0xd56a</load_address>
         <run_address>0xd56a</run_address>
         <size>0x86</size>
         <input_file_ref idref="fl-130"/>
      </object_component>
      <object_component id="oc-122">
         <name>.text</name>
         <load_address>0xd5f0</load_address>
         <run_address>0xd5f0</run_address>
         <size>0x7a</size>
         <input_file_ref idref="fl-117"/>
      </object_component>
      <object_component id="oc-468">
         <name>.text:_mcpy</name>
         <load_address>0xd66a</load_address>
         <run_address>0xd66a</run_address>
         <size>0x6e</size>
         <input_file_ref idref="fl-127"/>
      </object_component>
      <object_component id="oc-162">
         <name>.text</name>
         <load_address>0xd6d8</load_address>
         <run_address>0xd6d8</run_address>
         <size>0x68</size>
         <input_file_ref idref="fl-52"/>
      </object_component>
      <object_component id="oc-12">
         <name>.text:decompress:lzss:__TI_decompress_lzss</name>
         <load_address>0xd740</load_address>
         <run_address>0xd740</run_address>
         <size>0x68</size>
         <input_file_ref idref="fl-11a"/>
      </object_component>
      <object_component id="oc-47d">
         <name>.text:frexp</name>
         <load_address>0xd7a8</load_address>
         <run_address>0xd7a8</run_address>
         <size>0x64</size>
         <input_file_ref idref="fl-12e"/>
      </object_component>
      <object_component id="oc-3c1">
         <name>.text:_pconv_f</name>
         <load_address>0xd80c</load_address>
         <run_address>0xd80c</run_address>
         <size>0x56</size>
         <input_file_ref idref="fl-127"/>
      </object_component>
      <object_component id="oc-45c">
         <name>.text:ltoa</name>
         <load_address>0xd862</load_address>
         <run_address>0xd862</run_address>
         <size>0x54</size>
         <input_file_ref idref="fl-12a"/>
      </object_component>
      <object_component id="oc-462">
         <name>.text:_ecpy</name>
         <load_address>0xd8b6</load_address>
         <run_address>0xd8b6</run_address>
         <size>0x52</size>
         <input_file_ref idref="fl-127"/>
      </object_component>
      <object_component id="oc-3aa">
         <name>.text:atoi</name>
         <load_address>0xd908</load_address>
         <run_address>0xd908</run_address>
         <size>0x4c</size>
         <input_file_ref idref="fl-128"/>
      </object_component>
      <object_component id="oc-457">
         <name>.text</name>
         <load_address>0xd954</load_address>
         <run_address>0xd954</run_address>
         <size>0x48</size>
         <input_file_ref idref="fl-132"/>
      </object_component>
      <object_component id="oc-267">
         <name>.text:__TI_auto_init_nobinit_nopinit:__TI_auto_init_nobinit_nopinit</name>
         <load_address>0xd99c</load_address>
         <run_address>0xd99c</run_address>
         <size>0x44</size>
         <input_file_ref idref="fl-124"/>
      </object_component>
      <object_component id="oc-300">
         <name>.text</name>
         <load_address>0xd9e0</load_address>
         <run_address>0xd9e0</run_address>
         <size>0x44</size>
         <input_file_ref idref="fl-112"/>
      </object_component>
      <object_component id="oc-ca">
         <name>.text</name>
         <load_address>0xda24</load_address>
         <run_address>0xda24</run_address>
         <size>0x40</size>
         <input_file_ref idref="fl-10f"/>
      </object_component>
      <object_component id="oc-184">
         <name>.text:sprintf</name>
         <load_address>0xda64</load_address>
         <run_address>0xda64</run_address>
         <size>0x40</size>
         <input_file_ref idref="fl-11f"/>
      </object_component>
      <object_component id="oc-475">
         <name>.text:_fcpy</name>
         <load_address>0xdaa4</load_address>
         <run_address>0xdaa4</run_address>
         <size>0x3e</size>
         <input_file_ref idref="fl-127"/>
      </object_component>
      <object_component id="oc-20b">
         <name>.text</name>
         <load_address>0xdae2</load_address>
         <run_address>0xdae2</run_address>
         <size>0x3e</size>
         <input_file_ref idref="fl-14"/>
      </object_component>
      <object_component id="oc-6d">
         <name>.text:_c_int00_noargs:_c_int00_noargs</name>
         <load_address>0xdb20</load_address>
         <run_address>0xdb20</run_address>
         <size>0x38</size>
         <input_file_ref idref="fl-11b"/>
      </object_component>
      <object_component id="oc-2f1">
         <name>.text</name>
         <load_address>0xdb58</load_address>
         <run_address>0xdb58</run_address>
         <size>0x2e</size>
         <input_file_ref idref="fl-114"/>
      </object_component>
      <object_component id="oc-24">
         <name>.text</name>
         <load_address>0xdb88</load_address>
         <run_address>0xdb88</run_address>
         <size>0x2c</size>
         <input_file_ref idref="fl-4"/>
      </object_component>
      <object_component id="oc-16b">
         <name>.text:GetOverflowCounts</name>
         <load_address>0xdbb4</load_address>
         <run_address>0xdbb4</run_address>
         <size>0x24</size>
         <input_file_ref idref="fl-52"/>
      </object_component>
      <object_component id="oc-305">
         <name>.text</name>
         <load_address>0xdbd8</load_address>
         <run_address>0xdbd8</run_address>
         <size>0x20</size>
         <input_file_ref idref="fl-116"/>
      </object_component>
      <object_component id="oc-3d3">
         <name>.text:memccpy</name>
         <load_address>0xdbf8</load_address>
         <run_address>0xdbf8</run_address>
         <size>0x1c</size>
         <input_file_ref idref="fl-12b"/>
      </object_component>
      <object_component id="oc-2e3">
         <name>.text:_outs</name>
         <load_address>0xdc14</load_address>
         <run_address>0xdc14</run_address>
         <size>0x18</size>
         <input_file_ref idref="fl-11f"/>
      </object_component>
      <object_component id="oc-489">
         <name>.text:strchr</name>
         <load_address>0xdc2c</load_address>
         <run_address>0xdc2c</run_address>
         <size>0x16</size>
         <input_file_ref idref="fl-12c"/>
      </object_component>
      <object_component id="oc-4d6">
         <name>.text:copysign</name>
         <load_address>0xdc42</load_address>
         <run_address>0xdc42</run_address>
         <size>0x14</size>
         <input_file_ref idref="fl-135"/>
      </object_component>
      <object_component id="oc-178">
         <name>.text:strcpy</name>
         <load_address>0xdc56</load_address>
         <run_address>0xdc56</run_address>
         <size>0x14</size>
         <input_file_ref idref="fl-121"/>
      </object_component>
      <object_component id="oc-17e">
         <name>.text:strlen</name>
         <load_address>0xdc6a</load_address>
         <run_address>0xdc6a</run_address>
         <size>0x14</size>
         <input_file_ref idref="fl-122"/>
      </object_component>
      <object_component id="oc-3d9">
         <name>.text:wcslen</name>
         <load_address>0xdc7e</load_address>
         <run_address>0xdc7e</run_address>
         <size>0x12</size>
         <input_file_ref idref="fl-12d"/>
      </object_component>
      <object_component id="oc-18">
         <name>.text:decompress:none:__TI_decompress_none</name>
         <load_address>0xdc90</load_address>
         <run_address>0xdc90</run_address>
         <size>0xe</size>
         <input_file_ref idref="fl-119"/>
      </object_component>
      <object_component id="oc-61">
         <name>.text:decompress:ZI:__TI_zero_init</name>
         <load_address>0xdc9e</load_address>
         <run_address>0xdc9e</run_address>
         <size>0xc</size>
         <input_file_ref idref="fl-118"/>
      </object_component>
      <object_component id="oc-2e9">
         <name>.text:_outc</name>
         <load_address>0xdcaa</load_address>
         <run_address>0xdcaa</run_address>
         <size>0xa</size>
         <input_file_ref idref="fl-11f"/>
      </object_component>
      <object_component id="oc-3df">
         <name>.text:__aeabi_errno_addr</name>
         <load_address>0xdcb4</load_address>
         <run_address>0xdcb4</run_address>
         <size>0x8</size>
         <input_file_ref idref="fl-134"/>
      </object_component>
      <object_component id="oc-190">
         <name>.text:SysCtlDelay</name>
         <load_address>0xdcbc</load_address>
         <run_address>0xdcbc</run_address>
         <size>0x6</size>
         <input_file_ref idref="fl-29"/>
      </object_component>
      <object_component id="oc-128">
         <name>.text:_system_pre_init</name>
         <load_address>0xdcc2</load_address>
         <run_address>0xdcc2</run_address>
         <size>0x4</size>
         <input_file_ref idref="fl-125"/>
      </object_component>
      <object_component id="oc-25b">
         <name>.text:abort:abort</name>
         <load_address>0xdcc6</load_address>
         <run_address>0xdcc6</run_address>
         <size>0x4</size>
         <input_file_ref idref="fl-11c"/>
      </object_component>
      <object_component id="oc-217">
         <name>.const:g_pppui32XTALtoVCO</name>
         <load_address>0xdccc</load_address>
         <run_address>0xdccc</run_address>
         <size>0x1b0</size>
         <input_file_ref idref="fl-29"/>
      </object_component>
      <object_component id="oc-441">
         <name>.const:.string:_ctypes_</name>
         <load_address>0xde7c</load_address>
         <run_address>0xde7c</run_address>
         <size>0x101</size>
         <input_file_ref idref="fl-129"/>
      </object_component>
      <object_component id="oc-21f">
         <name>.const:g_ppui32GPIOIntMapSnowflake</name>
         <load_address>0xdf80</load_address>
         <run_address>0xdf80</run_address>
         <size>0xd8</size>
         <input_file_ref idref="fl-1d"/>
      </object_component>
      <object_component id="oc-21c">
         <name>.const:g_ppui32GPIOIntMapBlizzard</name>
         <load_address>0xe058</load_address>
         <run_address>0xe058</run_address>
         <size>0xc0</size>
         <input_file_ref idref="fl-1d"/>
      </object_component>
      <object_component id="oc-22d">
         <name>.const:g_pui32Regs</name>
         <load_address>0xe118</load_address>
         <run_address>0xe118</run_address>
         <size>0x9c</size>
         <input_file_ref idref="fl-20"/>
      </object_component>
      <object_component id="oc-222">
         <name>.const:g_pui32GPIOBaseAddrs</name>
         <load_address>0xe1b4</load_address>
         <run_address>0xe1b4</run_address>
         <size>0x90</size>
         <input_file_ref idref="fl-1d"/>
      </object_component>
      <object_component id="oc-211">
         <name>.const:g_pui32Xtals</name>
         <load_address>0xe244</load_address>
         <run_address>0xe244</run_address>
         <size>0x6c</size>
         <input_file_ref idref="fl-29"/>
      </object_component>
      <object_component id="oc-23e">
         <name>.const:g_ppui32TimerIntMap</name>
         <load_address>0xe2b0</load_address>
         <run_address>0xe2b0</run_address>
         <size>0x60</size>
         <input_file_ref idref="fl-2c"/>
      </object_component>
      <object_component id="oc-241">
         <name>.const:g_ppui32TimerIntMapSnowflake</name>
         <load_address>0xe310</load_address>
         <run_address>0xe310</run_address>
         <size>0x40</size>
         <input_file_ref idref="fl-2c"/>
      </object_component>
      <object_component id="oc-1d8">
         <name>.const:g_ppui32UARTIntMap</name>
         <load_address>0xe350</load_address>
         <run_address>0xe350</run_address>
         <size>0x40</size>
         <input_file_ref idref="fl-2d"/>
      </object_component>
      <object_component id="oc-1db">
         <name>.const:g_ppui32UARTIntMapSnowflake</name>
         <load_address>0xe390</load_address>
         <run_address>0xe390</run_address>
         <size>0x40</size>
         <input_file_ref idref="fl-2d"/>
      </object_component>
      <object_component id="oc-208">
         <name>.const:g_sXTALtoMEMTIM</name>
         <load_address>0xe3d0</load_address>
         <run_address>0xe3d0</run_address>
         <size>0x30</size>
         <input_file_ref idref="fl-29"/>
      </object_component>
      <object_component id="oc-22a">
         <name>.const:g_pui32Priority</name>
         <load_address>0xe400</load_address>
         <run_address>0xe400</run_address>
         <size>0x20</size>
         <input_file_ref idref="fl-20"/>
      </object_component>
      <object_component id="oc-233">
         <name>.const:g_pui32Dii16Regs</name>
         <load_address>0xe420</load_address>
         <run_address>0xe420</run_address>
         <size>0x14</size>
         <input_file_ref idref="fl-20"/>
      </object_component>
      <object_component id="oc-230">
         <name>.const:g_pui32EnRegs</name>
         <load_address>0xe434</load_address>
         <run_address>0xe434</run_address>
         <size>0x14</size>
         <input_file_ref idref="fl-20"/>
      </object_component>
      <object_component id="oc-236">
         <name>.const:g_pui32PendRegs</name>
         <load_address>0xe448</load_address>
         <run_address>0xe448</run_address>
         <size>0x14</size>
         <input_file_ref idref="fl-20"/>
      </object_component>
      <object_component id="oc-239">
         <name>.const:g_pui32UnpendRegs</name>
         <load_address>0xe45c</load_address>
         <run_address>0xe45c</run_address>
         <size>0x14</size>
         <input_file_ref idref="fl-20"/>
      </object_component>
      <object_component id="oc-1fe">
         <name>.const:.string</name>
         <load_address>0xe470</load_address>
         <run_address>0xe470</run_address>
         <size>0x12</size>
         <input_file_ref idref="fl-55"/>
      </object_component>
      <object_component id="oc-b8">
         <name>.const:g_ui32UARTBase</name>
         <load_address>0xe484</load_address>
         <run_address>0xe484</run_address>
         <size>0xc</size>
         <input_file_ref idref="fl-55"/>
      </object_component>
      <object_component id="oc-be">
         <name>.const:g_ui32UARTInt</name>
         <load_address>0xe490</load_address>
         <run_address>0xe490</run_address>
         <size>0xc</size>
         <input_file_ref idref="fl-55"/>
      </object_component>
      <object_component id="oc-bb">
         <name>.const:g_ui32UARTPeriph</name>
         <load_address>0xe49c</load_address>
         <run_address>0xe49c</run_address>
         <size>0xc</size>
         <input_file_ref idref="fl-55"/>
      </object_component>
      <object_component id="oc-214">
         <name>.const:g_pui32VCOFrequencies</name>
         <load_address>0xe4a8</load_address>
         <run_address>0xe4a8</run_address>
         <size>0x8</size>
         <input_file_ref idref="fl-29"/>
      </object_component>
      <object_component id="oc-85">
         <name>.const</name>
         <load_address>0xe4b0</load_address>
         <run_address>0xe4b0</run_address>
         <size>0x8</size>
         <input_file_ref idref="fl-d"/>
      </object_component>
      <object_component id="oc-cf">
         <name>.const</name>
         <load_address>0xe4b8</load_address>
         <run_address>0xe4b8</run_address>
         <size>0x4</size>
         <input_file_ref idref="fl-55"/>
      </object_component>
      <object_component id="oc-52c">
         <name>.cinit..data.load</name>
         <load_address>0xe4c0</load_address>
         <run_address>0xe4c0</run_address>
         <size>0x97</size>
      </object_component>
      <object_component id="oc-529">
         <name>__TI_handler_table</name>
         <load_address>0xe558</load_address>
         <run_address>0xe558</run_address>
         <size>0xc</size>
      </object_component>
      <object_component id="oc-52d">
         <name>.cinit..bss.load</name>
         <load_address>0xe568</load_address>
         <run_address>0xe568</run_address>
         <size>0x8</size>
      </object_component>
      <object_component id="oc-52b">
         <name>.cinit..vtable.load</name>
         <load_address>0xe570</load_address>
         <run_address>0xe570</run_address>
         <size>0x8</size>
      </object_component>
      <object_component id="oc-52a">
         <name>__TI_cinit_table</name>
         <load_address>0xe578</load_address>
         <run_address>0xe578</run_address>
         <size>0x18</size>
      </object_component>
      <object_component id="oc-227">
         <name>.vtable</name>
         <uninitialized>true</uninitialized>
         <run_address>0x20000000</run_address>
         <size>0x26c</size>
         <input_file_ref idref="fl-20"/>
      </object_component>
      <object_component id="oc-1b6">
         <name>.data</name>
         <load_address>0x2000599a</load_address>
         <run_address>0x2000599a</run_address>
         <size>0x1</size>
         <input_file_ref idref="fl-3"/>
      </object_component>
      <object_component id="oc-31c">
         <name>.data</name>
         <load_address>0x20005994</load_address>
         <run_address>0x20005994</run_address>
         <size>0x6</size>
         <input_file_ref idref="fl-5"/>
      </object_component>
      <object_component id="oc-31f">
         <name>.data:map_41ADC</name>
         <load_address>0x200058ec</load_address>
         <run_address>0x200058ec</run_address>
         <size>0x22</size>
         <input_file_ref idref="fl-5"/>
      </object_component>
      <object_component id="oc-322">
         <name>.data:map_41CM</name>
         <load_address>0x2000590e</load_address>
         <run_address>0x2000590e</run_address>
         <size>0x22</size>
         <input_file_ref idref="fl-5"/>
      </object_component>
      <object_component id="oc-82">
         <name>.data</name>
         <load_address>0x200058b0</load_address>
         <run_address>0x200058b0</run_address>
         <size>0x3c</size>
         <input_file_ref idref="fl-b"/>
      </object_component>
      <object_component id="oc-2bf">
         <name>.data</name>
         <load_address>0x2000597c</load_address>
         <run_address>0x2000597c</run_address>
         <size>0xc</size>
         <input_file_ref idref="fl-c"/>
      </object_component>
      <object_component id="oc-95">
         <name>.data</name>
         <load_address>0x20005970</load_address>
         <run_address>0x20005970</run_address>
         <size>0xc</size>
         <input_file_ref idref="fl-d"/>
      </object_component>
      <object_component id="oc-2aa">
         <name>.data</name>
         <load_address>0x20005960</load_address>
         <run_address>0x20005960</run_address>
         <size>0x10</size>
         <input_file_ref idref="fl-f"/>
      </object_component>
      <object_component id="oc-315">
         <name>.data</name>
         <load_address>0x200059a0</load_address>
         <run_address>0x200059a0</run_address>
         <size>0x3</size>
         <input_file_ref idref="fl-31"/>
      </object_component>
      <object_component id="oc-311">
         <name>.data:g_pui32CPUUsageTimerPeriph</name>
         <load_address>0x20005948</load_address>
         <run_address>0x20005948</run_address>
         <size>0x18</size>
         <input_file_ref idref="fl-54"/>
      </object_component>
      <object_component id="oc-30b">
         <name>.data:g_pui32CPUUsageTimerBase</name>
         <load_address>0x20005930</load_address>
         <run_address>0x20005930</run_address>
         <size>0x18</size>
         <input_file_ref idref="fl-54"/>
      </object_component>
      <object_component id="oc-c1">
         <name>.data</name>
         <load_address>0x20005988</load_address>
         <run_address>0x20005988</run_address>
         <size>0xc</size>
         <input_file_ref idref="fl-55"/>
      </object_component>
      <object_component id="oc-499">
         <name>.data</name>
         <load_address>0x2000599c</load_address>
         <run_address>0x2000599c</run_address>
         <size>0x4</size>
         <input_file_ref idref="fl-134"/>
      </object_component>
      <object_component id="oc-150">
         <name>.bss:pxReadyTasksLists</name>
         <uninitialized>true</uninitialized>
         <run_address>0x2000546c</run_address>
         <size>0x140</size>
         <input_file_ref idref="fl-b"/>
      </object_component>
      <object_component id="oc-172">
         <name>.bss:xDelayedTaskList1</name>
         <uninitialized>true</uninitialized>
         <run_address>0x20005608</run_address>
         <size>0x14</size>
         <input_file_ref idref="fl-b"/>
      </object_component>
      <object_component id="oc-175">
         <name>.bss:xDelayedTaskList2</name>
         <uninitialized>true</uninitialized>
         <run_address>0x2000561c</run_address>
         <size>0x14</size>
         <input_file_ref idref="fl-b"/>
      </object_component>
      <object_component id="oc-156">
         <name>.bss</name>
         <uninitialized>true</uninitialized>
         <run_address>0x20005680</run_address>
         <size>0x8</size>
         <input_file_ref idref="fl-b"/>
      </object_component>
      <object_component id="oc-168">
         <name>.bss:xPendingReadyList</name>
         <uninitialized>true</uninitialized>
         <run_address>0x20005630</run_address>
         <size>0x14</size>
         <input_file_ref idref="fl-b"/>
      </object_component>
      <object_component id="oc-153">
         <name>.bss:xTasksWaitingTermination</name>
         <uninitialized>true</uninitialized>
         <run_address>0x20005658</run_address>
         <size>0x14</size>
         <input_file_ref idref="fl-b"/>
      </object_component>
      <object_component id="oc-159">
         <name>.bss:xSuspendedTaskList</name>
         <uninitialized>true</uninitialized>
         <run_address>0x20005644</run_address>
         <size>0x14</size>
         <input_file_ref idref="fl-b"/>
      </object_component>
      <object_component id="oc-2c5">
         <name>.bss:xActiveTimerList1</name>
         <uninitialized>true</uninitialized>
         <run_address>0x200055e0</run_address>
         <size>0x14</size>
         <input_file_ref idref="fl-c"/>
      </object_component>
      <object_component id="oc-2c8">
         <name>.bss:xActiveTimerList2</name>
         <uninitialized>true</uninitialized>
         <run_address>0x200055f4</run_address>
         <size>0x14</size>
         <input_file_ref idref="fl-c"/>
      </object_component>
      <object_component id="oc-2c2">
         <name>.bss</name>
         <uninitialized>true</uninitialized>
         <run_address>0x20005688</run_address>
         <size>0x8</size>
         <input_file_ref idref="fl-c"/>
      </object_component>
      <object_component id="oc-2b0">
         <name>.bss:ucHeap</name>
         <uninitialized>true</uninitialized>
         <run_address>0x2000026c</run_address>
         <size>0x5000</size>
         <input_file_ref idref="fl-f"/>
      </object_component>
      <object_component id="oc-2ad">
         <name>.bss:xStart</name>
         <uninitialized>true</uninitialized>
         <run_address>0x20005690</run_address>
         <size>0x8</size>
         <input_file_ref idref="fl-f"/>
      </object_component>
      <object_component id="oc-203">
         <name>.bss:g_pui8OversampleFactor</name>
         <uninitialized>true</uninitialized>
         <run_address>0x20005678</run_address>
         <size>0x8</size>
         <input_file_ref idref="fl-10"/>
      </object_component>
      <object_component id="oc-fc">
         <name>.bss</name>
         <uninitialized>true</uninitialized>
         <run_address>0x20005698</run_address>
         <size>0x4</size>
         <input_file_ref idref="fl-32"/>
      </object_component>
      <object_component id="oc-30e">
         <name>.bss</name>
         <uninitialized>true</uninitialized>
         <run_address>0x2000566c</run_address>
         <size>0xc</size>
         <input_file_ref idref="fl-54"/>
      </object_component>
      <object_component id="oc-b5">
         <name>.bss</name>
         <uninitialized>true</uninitialized>
         <run_address>0x200055cc</run_address>
         <size>0x14</size>
         <input_file_ref idref="fl-55"/>
      </object_component>
      <object_component id="oc-c7">
         <name>.bss:g_pcUARTRxHistoryBuffer</name>
         <uninitialized>true</uninitialized>
         <run_address>0x2000526c</run_address>
         <size>0x200</size>
         <input_file_ref idref="fl-55"/>
      </object_component>
      <object_component id="oc-c4">
         <name>.bss:g_usUARTRxHistoryOffset</name>
         <uninitialized>true</uninitialized>
         <run_address>0x200055ac</run_address>
         <size>0x20</size>
         <input_file_ref idref="fl-55"/>
      </object_component>
      <object_component id="oc-1b2">
         <name>.common:buttonsQueue</name>
         <uninitialized>true</uninitialized>
         <run_address>0x2000569c</run_address>
         <size>0x4</size>
      </object_component>
      <object_component id="oc-1b5">
         <name>.common:portAQueue</name>
         <uninitialized>true</uninitialized>
         <run_address>0x200056a8</run_address>
         <size>0x4</size>
      </object_component>
      <object_component id="oc-1b7">
         <name>.common:g_ui32CPUUsage</name>
         <uninitialized>true</uninitialized>
         <run_address>0x200056a0</run_address>
         <size>0x4</size>
      </object_component>
      <object_component id="oc-1af">
         <name>.common:g_ulSystemClock</name>
         <uninitialized>true</uninitialized>
         <run_address>0x200056a4</run_address>
         <size>0x4</size>
      </object_component>
      <object_component id="oc-21">
         <name>.stack</name>
         <uninitialized>true</uninitialized>
         <run_address>0x200056b0</run_address>
         <size>0x4</size>
         <input_file_ref idref="fl-11b"/>
      </object_component>
      <object_component id="oc-52e">
         <name>.stack</name>
         <uninitialized>true</uninitialized>
         <run_address>0x200056b0</run_address>
         <size>0x0</size>
      </object_component>
      <object_component id="oc-24a">
         <name>.debug_info</name>
         <load_address>0x0</load_address>
         <run_address>0x0</run_address>
         <size>0x2af</size>
         <input_file_ref idref="fl-2"/>
      </object_component>
      <object_component id="oc-192">
         <name>.debug_info</name>
         <load_address>0x2af</load_address>
         <run_address>0x2af</run_address>
         <size>0x756</size>
         <input_file_ref idref="fl-2"/>
      </object_component>
      <object_component id="oc-108">
         <name>.debug_info</name>
         <load_address>0xa05</load_address>
         <run_address>0xa05</run_address>
         <size>0x26b</size>
         <input_file_ref idref="fl-2"/>
      </object_component>
      <object_component id="oc-4a">
         <name>.debug_info</name>
         <load_address>0xc70</load_address>
         <run_address>0xc70</run_address>
         <size>0x84</size>
         <input_file_ref idref="fl-2"/>
      </object_component>
      <object_component id="oc-1cc">
         <name>.debug_info</name>
         <load_address>0xcf4</load_address>
         <run_address>0xcf4</run_address>
         <size>0x297</size>
         <input_file_ref idref="fl-2"/>
      </object_component>
      <object_component id="oc-1df">
         <name>.debug_info</name>
         <load_address>0xf8b</load_address>
         <run_address>0xf8b</run_address>
         <size>0xef</size>
         <input_file_ref idref="fl-2"/>
      </object_component>
      <object_component id="oc-a4">
         <name>.debug_info</name>
         <load_address>0x107a</load_address>
         <run_address>0x107a</run_address>
         <size>0xbb</size>
         <input_file_ref idref="fl-2"/>
      </object_component>
      <object_component id="oc-1b0">
         <name>.debug_info</name>
         <load_address>0x1135</load_address>
         <run_address>0x1135</run_address>
         <size>0xae4</size>
         <input_file_ref idref="fl-3"/>
      </object_component>
      <object_component id="oc-90">
         <name>.debug_info</name>
         <load_address>0x1c19</load_address>
         <run_address>0x1c19</run_address>
         <size>0xb13</size>
         <input_file_ref idref="fl-3"/>
      </object_component>
      <object_component id="oc-13d">
         <name>.debug_info</name>
         <load_address>0x272c</load_address>
         <run_address>0x272c</run_address>
         <size>0x30c</size>
         <input_file_ref idref="fl-3"/>
      </object_component>
      <object_component id="oc-18b">
         <name>.debug_info</name>
         <load_address>0x2a38</load_address>
         <run_address>0x2a38</run_address>
         <size>0x110</size>
         <input_file_ref idref="fl-3"/>
      </object_component>
      <object_component id="oc-101">
         <name>.debug_info</name>
         <load_address>0x2b48</load_address>
         <run_address>0x2b48</run_address>
         <size>0xed</size>
         <input_file_ref idref="fl-3"/>
      </object_component>
      <object_component id="oc-2a5">
         <name>.debug_info</name>
         <load_address>0x2c35</load_address>
         <run_address>0x2c35</run_address>
         <size>0x461</size>
         <input_file_ref idref="fl-3"/>
      </object_component>
      <object_component id="oc-d3">
         <name>.debug_info</name>
         <load_address>0x3096</load_address>
         <run_address>0x3096</run_address>
         <size>0x8b</size>
         <input_file_ref idref="fl-3"/>
      </object_component>
      <object_component id="oc-1d2">
         <name>.debug_info</name>
         <load_address>0x3121</load_address>
         <run_address>0x3121</run_address>
         <size>0x46</size>
         <input_file_ref idref="fl-3"/>
      </object_component>
      <object_component id="oc-1e7">
         <name>.debug_info</name>
         <load_address>0x3167</load_address>
         <run_address>0x3167</run_address>
         <size>0x2c</size>
         <input_file_ref idref="fl-3"/>
      </object_component>
      <object_component id="oc-9a">
         <name>.debug_info</name>
         <load_address>0x3193</load_address>
         <run_address>0x3193</run_address>
         <size>0x2c</size>
         <input_file_ref idref="fl-3"/>
      </object_component>
      <object_component id="oc-9f">
         <name>.debug_info</name>
         <load_address>0x31bf</load_address>
         <run_address>0x31bf</run_address>
         <size>0x53</size>
         <input_file_ref idref="fl-3"/>
      </object_component>
      <object_component id="oc-d9">
         <name>.debug_info</name>
         <load_address>0x3212</load_address>
         <run_address>0x3212</run_address>
         <size>0x2c</size>
         <input_file_ref idref="fl-3"/>
      </object_component>
      <object_component id="oc-1c2">
         <name>.debug_info</name>
         <load_address>0x323e</load_address>
         <run_address>0x323e</run_address>
         <size>0x14c</size>
         <input_file_ref idref="fl-3"/>
      </object_component>
      <object_component id="oc-43">
         <name>.debug_info</name>
         <load_address>0x338a</load_address>
         <run_address>0x338a</run_address>
         <size>0x387</size>
         <input_file_ref idref="fl-4"/>
      </object_component>
      <object_component id="oc-10">
         <name>.debug_info</name>
         <load_address>0x3711</load_address>
         <run_address>0x3711</run_address>
         <size>0xd6</size>
         <input_file_ref idref="fl-4"/>
      </object_component>
      <object_component id="oc-25">
         <name>.debug_info</name>
         <load_address>0x37e7</load_address>
         <run_address>0x37e7</run_address>
         <size>0x1f6</size>
         <input_file_ref idref="fl-4"/>
      </object_component>
      <object_component id="oc-1b3">
         <name>.debug_info</name>
         <load_address>0x39dd</load_address>
         <run_address>0x39dd</run_address>
         <size>0x808</size>
         <input_file_ref idref="fl-5"/>
      </object_component>
      <object_component id="oc-31d">
         <name>.debug_info</name>
         <load_address>0x41e5</load_address>
         <run_address>0x41e5</run_address>
         <size>0xde</size>
         <input_file_ref idref="fl-5"/>
      </object_component>
      <object_component id="oc-320">
         <name>.debug_info</name>
         <load_address>0x42c3</load_address>
         <run_address>0x42c3</run_address>
         <size>0xcf</size>
         <input_file_ref idref="fl-5"/>
      </object_component>
      <object_component id="oc-323">
         <name>.debug_info</name>
         <load_address>0x4392</load_address>
         <run_address>0x4392</run_address>
         <size>0xcd</size>
         <input_file_ref idref="fl-5"/>
      </object_component>
      <object_component id="oc-1aa">
         <name>.debug_info</name>
         <load_address>0x445f</load_address>
         <run_address>0x445f</run_address>
         <size>0xac2</size>
         <input_file_ref idref="fl-5"/>
      </object_component>
      <object_component id="oc-32a">
         <name>.debug_info</name>
         <load_address>0x4f21</load_address>
         <run_address>0x4f21</run_address>
         <size>0x1d2</size>
         <input_file_ref idref="fl-6"/>
      </object_component>
      <object_component id="oc-1c7">
         <name>.debug_info</name>
         <load_address>0x50f3</load_address>
         <run_address>0x50f3</run_address>
         <size>0x461</size>
         <input_file_ref idref="fl-6"/>
      </object_component>
      <object_component id="oc-40f">
         <name>.debug_info</name>
         <load_address>0x5554</load_address>
         <run_address>0x5554</run_address>
         <size>0xcc</size>
         <input_file_ref idref="fl-6"/>
      </object_component>
      <object_component id="oc-1bd">
         <name>.debug_info</name>
         <load_address>0x5620</load_address>
         <run_address>0x5620</run_address>
         <size>0x53</size>
         <input_file_ref idref="fl-6"/>
      </object_component>
      <object_component id="oc-38c">
         <name>.debug_info</name>
         <load_address>0x5673</load_address>
         <run_address>0x5673</run_address>
         <size>0x6d4</size>
         <input_file_ref idref="fl-7"/>
      </object_component>
      <object_component id="oc-437">
         <name>.debug_info</name>
         <load_address>0x5d47</load_address>
         <run_address>0x5d47</run_address>
         <size>0x39</size>
         <input_file_ref idref="fl-7"/>
      </object_component>
      <object_component id="oc-29b">
         <name>.debug_info</name>
         <load_address>0x5d80</load_address>
         <run_address>0x5d80</run_address>
         <size>0x46</size>
         <input_file_ref idref="fl-7"/>
      </object_component>
      <object_component id="oc-43c">
         <name>.debug_info</name>
         <load_address>0x5dc6</load_address>
         <run_address>0x5dc6</run_address>
         <size>0x76</size>
         <input_file_ref idref="fl-7"/>
      </object_component>
      <object_component id="oc-2b6">
         <name>.debug_info</name>
         <load_address>0x5e3c</load_address>
         <run_address>0x5e3c</run_address>
         <size>0x35a</size>
         <input_file_ref idref="fl-8"/>
      </object_component>
      <object_component id="oc-14b">
         <name>.debug_info</name>
         <load_address>0x6196</load_address>
         <run_address>0x6196</run_address>
         <size>0x4ec</size>
         <input_file_ref idref="fl-8"/>
      </object_component>
      <object_component id="oc-1d7">
         <name>.debug_info</name>
         <load_address>0x6682</load_address>
         <run_address>0x6682</run_address>
         <size>0x8a9</size>
         <input_file_ref idref="fl-9"/>
      </object_component>
      <object_component id="oc-aa">
         <name>.debug_info</name>
         <load_address>0x6f2b</load_address>
         <run_address>0x6f2b</run_address>
         <size>0x3489</size>
         <input_file_ref idref="fl-9"/>
      </object_component>
      <object_component id="oc-32d">
         <name>.debug_info</name>
         <load_address>0xa3b4</load_address>
         <run_address>0xa3b4</run_address>
         <size>0x17d</size>
         <input_file_ref idref="fl-9"/>
      </object_component>
      <object_component id="oc-252">
         <name>.debug_info</name>
         <load_address>0xa531</load_address>
         <run_address>0xa531</run_address>
         <size>0x2c</size>
         <input_file_ref idref="fl-a"/>
      </object_component>
      <object_component id="oc-13c">
         <name>.debug_info</name>
         <load_address>0xa55d</load_address>
         <run_address>0xa55d</run_address>
         <size>0x978</size>
         <input_file_ref idref="fl-b"/>
      </object_component>
      <object_component id="oc-83">
         <name>.debug_info</name>
         <load_address>0xaed5</load_address>
         <run_address>0xaed5</run_address>
         <size>0x3a9</size>
         <input_file_ref idref="fl-b"/>
      </object_component>
      <object_component id="oc-151">
         <name>.debug_info</name>
         <load_address>0xb27e</load_address>
         <run_address>0xb27e</run_address>
         <size>0xea</size>
         <input_file_ref idref="fl-b"/>
      </object_component>
      <object_component id="oc-173">
         <name>.debug_info</name>
         <load_address>0xb368</load_address>
         <run_address>0xb368</run_address>
         <size>0xea</size>
         <input_file_ref idref="fl-b"/>
      </object_component>
      <object_component id="oc-176">
         <name>.debug_info</name>
         <load_address>0xb452</load_address>
         <run_address>0xb452</run_address>
         <size>0xea</size>
         <input_file_ref idref="fl-b"/>
      </object_component>
      <object_component id="oc-157">
         <name>.debug_info</name>
         <load_address>0xb53c</load_address>
         <run_address>0xb53c</run_address>
         <size>0x12d</size>
         <input_file_ref idref="fl-b"/>
      </object_component>
      <object_component id="oc-169">
         <name>.debug_info</name>
         <load_address>0xb669</load_address>
         <run_address>0xb669</run_address>
         <size>0xea</size>
         <input_file_ref idref="fl-b"/>
      </object_component>
      <object_component id="oc-154">
         <name>.debug_info</name>
         <load_address>0xb753</load_address>
         <run_address>0xb753</run_address>
         <size>0xf8</size>
         <input_file_ref idref="fl-b"/>
      </object_component>
      <object_component id="oc-15a">
         <name>.debug_info</name>
         <load_address>0xb84b</load_address>
         <run_address>0xb84b</run_address>
         <size>0xec</size>
         <input_file_ref idref="fl-b"/>
      </object_component>
      <object_component id="oc-89">
         <name>.debug_info</name>
         <load_address>0xb937</load_address>
         <run_address>0xb937</run_address>
         <size>0x5668</size>
         <input_file_ref idref="fl-b"/>
      </object_component>
      <object_component id="oc-2a0">
         <name>.debug_info</name>
         <load_address>0x10f9f</load_address>
         <run_address>0x10f9f</run_address>
         <size>0x15b</size>
         <input_file_ref idref="fl-b"/>
      </object_component>
      <object_component id="oc-2cc">
         <name>.debug_info</name>
         <load_address>0x110fa</load_address>
         <run_address>0x110fa</run_address>
         <size>0x828</size>
         <input_file_ref idref="fl-c"/>
      </object_component>
      <object_component id="oc-2c6">
         <name>.debug_info</name>
         <load_address>0x11922</load_address>
         <run_address>0x11922</run_address>
         <size>0xea</size>
         <input_file_ref idref="fl-c"/>
      </object_component>
      <object_component id="oc-2c9">
         <name>.debug_info</name>
         <load_address>0x11a0c</load_address>
         <run_address>0x11a0c</run_address>
         <size>0xea</size>
         <input_file_ref idref="fl-c"/>
      </object_component>
      <object_component id="oc-2c3">
         <name>.debug_info</name>
         <load_address>0x11af6</load_address>
         <run_address>0x11af6</run_address>
         <size>0x122</size>
         <input_file_ref idref="fl-c"/>
      </object_component>
      <object_component id="oc-2c0">
         <name>.debug_info</name>
         <load_address>0x11c18</load_address>
         <run_address>0x11c18</run_address>
         <size>0x10e</size>
         <input_file_ref idref="fl-c"/>
      </object_component>
      <object_component id="oc-15d">
         <name>.debug_info</name>
         <load_address>0x11d26</load_address>
         <run_address>0x11d26</run_address>
         <size>0x22f5</size>
         <input_file_ref idref="fl-c"/>
      </object_component>
      <object_component id="oc-2cd">
         <name>.debug_info</name>
         <load_address>0x1401b</load_address>
         <run_address>0x1401b</run_address>
         <size>0x1e2</size>
         <input_file_ref idref="fl-c"/>
      </object_component>
      <object_component id="oc-99">
         <name>.debug_info</name>
         <load_address>0x141fd</load_address>
         <run_address>0x141fd</run_address>
         <size>0x46f</size>
         <input_file_ref idref="fl-d"/>
      </object_component>
      <object_component id="oc-86">
         <name>.debug_info</name>
         <load_address>0x1466c</load_address>
         <run_address>0x1466c</run_address>
         <size>0x15f</size>
         <input_file_ref idref="fl-d"/>
      </object_component>
      <object_component id="oc-96">
         <name>.debug_info</name>
         <load_address>0x147cb</load_address>
         <run_address>0x147cb</run_address>
         <size>0x16a</size>
         <input_file_ref idref="fl-d"/>
      </object_component>
      <object_component id="oc-30">
         <name>.debug_info</name>
         <load_address>0x14935</load_address>
         <run_address>0x14935</run_address>
         <size>0x972</size>
         <input_file_ref idref="fl-d"/>
      </object_component>
      <object_component id="oc-2b">
         <name>.debug_info</name>
         <load_address>0x152a7</load_address>
         <run_address>0x152a7</run_address>
         <size>0x24f</size>
         <input_file_ref idref="fl-e"/>
      </object_component>
      <object_component id="oc-2b4">
         <name>.debug_info</name>
         <load_address>0x154f6</load_address>
         <run_address>0x154f6</run_address>
         <size>0x46d</size>
         <input_file_ref idref="fl-f"/>
      </object_component>
      <object_component id="oc-2b1">
         <name>.debug_info</name>
         <load_address>0x15963</load_address>
         <run_address>0x15963</run_address>
         <size>0xe5</size>
         <input_file_ref idref="fl-f"/>
      </object_component>
      <object_component id="oc-2ae">
         <name>.debug_info</name>
         <load_address>0x15a48</load_address>
         <run_address>0x15a48</run_address>
         <size>0xe5</size>
         <input_file_ref idref="fl-f"/>
      </object_component>
      <object_component id="oc-2ab">
         <name>.debug_info</name>
         <load_address>0x15b2d</load_address>
         <run_address>0x15b2d</run_address>
         <size>0x199</size>
         <input_file_ref idref="fl-f"/>
      </object_component>
      <object_component id="oc-145">
         <name>.debug_info</name>
         <load_address>0x15cc6</load_address>
         <run_address>0x15cc6</run_address>
         <size>0x86d</size>
         <input_file_ref idref="fl-f"/>
      </object_component>
      <object_component id="oc-391">
         <name>.debug_info</name>
         <load_address>0x16533</load_address>
         <run_address>0x16533</run_address>
         <size>0x62</size>
         <input_file_ref idref="fl-f"/>
      </object_component>
      <object_component id="oc-207">
         <name>.debug_info</name>
         <load_address>0x16595</load_address>
         <run_address>0x16595</run_address>
         <size>0x359</size>
         <input_file_ref idref="fl-10"/>
      </object_component>
      <object_component id="oc-204">
         <name>.debug_info</name>
         <load_address>0x168ee</load_address>
         <run_address>0x168ee</run_address>
         <size>0xeb</size>
         <input_file_ref idref="fl-10"/>
      </object_component>
      <object_component id="oc-df">
[...]
         <object_component_ref idref="oc-af"/>
      </symbol>
      <symbol id="sm-eec">
         <name>UARTDisable</name>
         <value>0x93f1</value>
         <object_component_ref idref="oc-af"/>
      </symbol>
      <symbol id="sm-eed">
         <name>UART9BitDisable</name>
         <value>0x9a43</value>
         <object_component_ref idref="oc-af"/>
      </symbol>
      <symbol id="sm-eee">
         <name>UARTFIFOLevelGet</name>
         <value>0x922f</value>
         <object_component_ref idref="oc-af"/>
      </symbol>
      <symbol id="sm-eef">
         <name>UARTBusy</name>
         <value>0x9801</value>
         <object_component_ref idref="oc-af"/>
      </symbol>
      <symbol id="sm-ef0">
         <name>UARTDisableSIR</name>
         <value>0x94ad</value>
         <object_component_ref idref="oc-af"/>
      </symbol>
      <symbol id="sm-ef1">
         <name>UARTLoopbackEnable</name>
         <value>0x9af1</value>
         <object_component_ref idref="oc-af"/>
      </symbol>
      <symbol id="sm-ef2">
         <name>UARTIntEnable</name>
         <value>0x98a5</value>
         <object_component_ref idref="oc-af"/>
      </symbol>
      <symbol id="sm-ef3">
         <name>UARTCharsAvail</name>
         <value>0x96c1</value>
         <object_component_ref idref="oc-af"/>
      </symbol>
      <symbol id="sm-ef4">
         <name>UARTCharGetNonBlocking</name>
         <value>0x9719</value>
         <object_component_ref idref="oc-af"/>
      </symbol>
      <symbol id="sm-ef5">
         <name>UARTClockSourceSet</name>
         <value>0x99cb</value>
         <object_component_ref idref="oc-af"/>
      </symbol>
      <symbol id="sm-ef6">
         <name>UARTTxIntModeGet</name>
         <value>0x969d</value>
         <object_component_ref idref="oc-af"/>
      </symbol>
      <symbol id="sm-ef7">
         <name>UARTModemStatusGet</name>
         <value>0x95dd</value>
         <object_component_ref idref="oc-af"/>
      </symbol>
      <symbol id="sm-ef8">
         <name>UARTIntDisable</name>
         <value>0x98cb</value>
         <object_component_ref idref="oc-af"/>
      </symbol>
      <symbol id="sm-ef9">
         <name>UARTCharPut</name>
         <value>0x9799</value>
         <object_component_ref idref="oc-af"/>
      </symbol>
      <symbol id="sm-efa">
         <name>UARTParityModeSet</name>
         <value>0x9153</value>
         <object_component_ref idref="oc-af"/>
      </symbol>
      <symbol id="sm-efb">
         <name>UARTRxErrorGet</name>
         <value>0x998d</value>
         <object_component_ref idref="oc-af"/>
      </symbol>
      <symbol id="sm-efc">
         <name>UARTConfigGetExpClk</name>
         <value>0x9349</value>
         <object_component_ref idref="oc-af"/>
      </symbol>
      <symbol id="sm-efd">
         <name>UARTEnableSIR</name>
         <value>0x9471</value>
         <object_component_ref idref="oc-af"/>
      </symbol>
      <symbol id="sm-efe">
         <name>UARTEnable</name>
         <value>0x93a9</value>
         <object_component_ref idref="oc-af"/>
      </symbol>
      <symbol id="sm-eff">
         <name>UART9BitAddrSend</name>
         <value>0x9a9b</value>
         <object_component_ref idref="oc-af"/>
      </symbol>
      <symbol id="sm-f00">
         <name>UARTModemControlGet</name>
         <value>0x95bd</value>
         <object_component_ref idref="oc-af"/>
      </symbol>
      <symbol id="sm-f01">
         <name>UARTSmartCardEnable</name>
         <value>0x94d1</value>
         <object_component_ref idref="oc-af"/>
      </symbol>
      <symbol id="sm-f02">
         <name>UARTFlowControlGet</name>
         <value>0x963b</value>
         <object_component_ref idref="oc-af"/>
      </symbol>
      <symbol id="sm-f03">
         <name>UARTFIFOEnable</name>
         <value>0x9429</value>
         <object_component_ref idref="oc-af"/>
      </symbol>
      <symbol id="sm-f04">
         <name>UARTIntClear</name>
         <value>0x9921</value>
         <object_component_ref idref="oc-af"/>
      </symbol>
      <symbol id="sm-f05">
         <name>UARTIntStatus</name>
         <value>0x98f1</value>
         <object_component_ref idref="oc-af"/>
      </symbol>
      <symbol id="sm-f06">
         <name>UARTDMADisable</name>
         <value>0x9967</value>
         <object_component_ref idref="oc-af"/>
      </symbol>
      <symbol id="sm-f07">
         <name>UART9BitEnable</name>
         <value>0x9a1f</value>
         <object_component_ref idref="oc-af"/>
      </symbol>
      <symbol id="sm-f08">
         <name>UARTSpaceAvail</name>
         <value>0x96ed</value>
         <object_component_ref idref="oc-af"/>
      </symbol>
      <symbol id="sm-f09">
         <name>UARTCharGet</name>
         <value>0x9743</value>
         <object_component_ref idref="oc-af"/>
      </symbol>
      <symbol id="sm-f0a">
         <name>UARTFIFOLevelSet</name>
         <value>0x91bd</value>
         <object_component_ref idref="oc-af"/>
      </symbol>
      <symbol id="sm-f0b">
         <name>UARTModemControlClear</name>
         <value>0x9579</value>
         <object_component_ref idref="oc-af"/>
      </symbol>
      <symbol id="sm-f0c">
         <name>UARTParityModeGet</name>
         <value>0x919f</value>
         <object_component_ref idref="oc-af"/>
      </symbol>
      <symbol id="sm-f0d">
         <name>UARTIntRegister</name>
         <value>0x982d</value>
         <object_component_ref idref="oc-af"/>
      </symbol>
      <symbol id="sm-f0e">
         <name>UARTBreakCtl</name>
         <value>0x97c9</value>
         <object_component_ref idref="oc-af"/>
      </symbol>
      <symbol id="sm-f0f">
         <name>UART9BitAddrSet</name>
         <value>0x9a67</value>
         <object_component_ref idref="oc-af"/>
      </symbol>
      <symbol id="sm-f38">
         <name>ButtonsInit</name>
         <value>0xcc2b</value>
         <object_component_ref idref="oc-19d"/>
      </symbol>
      <symbol id="sm-f39">
         <name>ButtonsPoll</name>
         <value>0xcb85</value>
         <object_component_ref idref="oc-19d"/>
      </symbol>
      <symbol id="sm-f64">
         <name>configADC_ADCSet8BitResolution</name>
         <value>0xc333</value>
         <object_component_ref idref="oc-3b"/>
      </symbol>
      <symbol id="sm-f65">
         <name>configADC_TimerConfig</name>
         <value>0xc3ab</value>
         <object_component_ref idref="oc-3b"/>
      </symbol>
      <symbol id="sm-f66">
         <name>configADC_LeeADC</name>
         <value>0xc2af</value>
         <object_component_ref idref="oc-3b"/>
      </symbol>
      <symbol id="sm-f67">
         <name>configADC_DisparaADC</name>
         <value>0xc1f5</value>
         <object_component_ref idref="oc-3b"/>
      </symbol>
      <symbol id="sm-f68">
         <name>configADC_TimerStop</name>
         <value>0xc3eb</value>
         <object_component_ref idref="oc-3b"/>
      </symbol>
      <symbol id="sm-f69">
         <name>configADC_ADCSet12BitResolution</name>
         <value>0xc33f</value>
         <object_component_ref idref="oc-3b"/>
      </symbol>
      <symbol id="sm-f6a">
         <name>configADC_ResetQueue</name>
         <value>0xc2c3</value>
         <object_component_ref idref="oc-3b"/>
      </symbol>
      <symbol id="sm-f6b">
         <name>configADC_ISR</name>
         <value>0xc2d1</value>
         <object_component_ref idref="oc-3b"/>
      </symbol>
      <symbol id="sm-f6c">
         <name>configADC_TimerStart</name>
         <value>0xc3dd</value>
         <object_component_ref idref="oc-3b"/>
      </symbol>
      <symbol id="sm-f6d">
         <name>configADC_IniciaADC</name>
         <value>0xc201</value>
         <object_component_ref idref="oc-3b"/>
      </symbol>
      <symbol id="sm-f6e">
         <name>configADC_TimerSetFrequency</name>
         <value>0xc3f9</value>
         <object_component_ref idref="oc-3b"/>
      </symbol>
      <symbol id="sm-f6f">
         <name>configADC_SetTimerTrigger</name>
         <value>0xc34b</value>
         <object_component_ref idref="oc-3b"/>
      </symbol>
      <symbol id="sm-f70">
         <name>configADC_SetProcessorTrigger</name>
         <value>0xc37b</value>
         <object_component_ref idref="oc-3b"/>
      </symbol>
      <symbol id="sm-fa9">
         <name>GetOverflowCounts</name>
         <value>0xdbb5</value>
         <object_component_ref idref="oc-16b"/>
      </symbol>
      <symbol id="sm-faa">
         <name>vConfigureTimerForRunTimeStats</name>
         <value>0xd6d9</value>
         <object_component_ref idref="oc-162"/>
      </symbol>
      <symbol id="sm-fdb">
         <name>CPUUsageInit</name>
         <value>0xce0f</value>
         <object_component_ref idref="oc-197"/>
      </symbol>
      <symbol id="sm-fdc">
         <name>CPUUsageTick</name>
         <value>0xcdd1</value>
         <object_component_ref idref="oc-197"/>
      </symbol>
      <symbol id="sm-10e6">
         <name>UARTTxBytesFree</name>
         <value>0x8f33</value>
         <object_component_ref idref="oc-35"/>
      </symbol>
      <symbol id="sm-10e7">
         <name>UARTFlushRx</name>
         <value>0x8f3f</value>
         <object_component_ref idref="oc-35"/>
      </symbol>
      <symbol id="sm-10e8">
         <name>UARTgetc</name>
         <value>0x8bc9</value>
         <object_component_ref idref="oc-35"/>
      </symbol>
      <symbol id="sm-10e9">
         <name>UARTgets</name>
         <value>0x8769</value>
         <object_component_ref idref="oc-35"/>
      </symbol>
      <symbol id="sm-10ea">
         <name>UARTFlushTx</name>
         <value>0x8f4d</value>
         <object_component_ref idref="oc-35"/>
      </symbol>
      <symbol id="sm-10eb">
         <name>UARTStdioConfig</name>
         <value>0x8573</value>
         <object_component_ref idref="oc-35"/>
      </symbol>
      <symbol id="sm-10ec">
         <name>UARTStdioIntHandler</name>
         <value>0x8f9b</value>
         <object_component_ref idref="oc-35"/>
      </symbol>
      <symbol id="sm-10ed">
         <name>UARTRxBytesAvail</name>
         <value>0x8f27</value>
         <object_component_ref idref="oc-35"/>
      </symbol>
      <symbol id="sm-10ee">
         <name>UARTwrite</name>
         <value>0x869f</value>
         <object_component_ref idref="oc-35"/>
      </symbol>
      <symbol id="sm-10ef">
         <name>UARTEchoSet</name>
         <value>0x8f73</value>
         <object_component_ref idref="oc-35"/>
      </symbol>
      <symbol id="sm-10f0">
         <name>UARTprintf</name>
         <value>0x8f03</value>
         <object_component_ref idref="oc-35"/>
      </symbol>
      <symbol id="sm-10f1">
         <name>UARTvprintf</name>
         <value>0x8bf1</value>
         <object_component_ref idref="oc-35"/>
      </symbol>
      <symbol id="sm-1100">
         <name>__aeabi_uidivmod</name>
         <value>0xda25</value>
         <object_component_ref idref="oc-ca"/>
      </symbol>
      <symbol id="sm-1101">
         <name>__aeabi_uidiv</name>
         <value>0xda25</value>
         <object_component_ref idref="oc-ca"/>
      </symbol>
      <symbol id="sm-1118">
         <name>__aeabi_dsub</name>
         <value>0xc631</value>
         <object_component_ref idref="oc-2fb"/>
      </symbol>
      <symbol id="sm-1119">
         <name>__aeabi_dadd</name>
         <value>0xc63b</value>
         <object_component_ref idref="oc-2fb"/>
      </symbol>
      <symbol id="sm-1124">
         <name>__aeabi_dmul</name>
         <value>0xd129</value>
         <object_component_ref idref="oc-2f6"/>
      </symbol>
      <symbol id="sm-112e">
         <name>__aeabi_d2uiz</name>
         <value>0xd9e1</value>
         <object_component_ref idref="oc-300"/>
      </symbol>
      <symbol id="sm-1139">
         <name>__aeabi_i2d</name>
         <value>0xdb59</value>
         <object_component_ref idref="oc-2f1"/>
      </symbol>
      <symbol id="sm-1154">
         <name>memcpy</name>
         <value>0xd3b3</value>
         <object_component_ref idref="oc-4f"/>
      </symbol>
      <symbol id="sm-1155">
         <name>__aeabi_memcpy</name>
         <value>0xd3b3</value>
         <object_component_ref idref="oc-4f"/>
      </symbol>
      <symbol id="sm-1156">
         <name>__aeabi_memcpy8</name>
         <value>0xd3b3</value>
         <object_component_ref idref="oc-4f"/>
      </symbol>
      <symbol id="sm-1157">
         <name>__aeabi_memcpy4</name>
         <value>0xd3b3</value>
         <object_component_ref idref="oc-4f"/>
      </symbol>
      <symbol id="sm-1161">
         <name>__aeabi_ui2d</name>
         <value>0xdbd9</value>
         <object_component_ref idref="oc-305"/>
      </symbol>
      <symbol id="sm-1170">
         <name>__aeabi_memset</name>
         <value>0xd5f3</value>
         <object_component_ref idref="oc-122"/>
      </symbol>
      <symbol id="sm-1171">
         <name>memset</name>
         <value>0xd5f9</value>
         <object_component_ref idref="oc-122"/>
      </symbol>
      <symbol id="sm-1172">
         <name>__aeabi_memset8</name>
         <value>0xd5f3</value>
         <object_component_ref idref="oc-122"/>
      </symbol>
      <symbol id="sm-1173">
         <name>__aeabi_memset4</name>
         <value>0xd5f3</value>
         <object_component_ref idref="oc-122"/>
      </symbol>
      <symbol id="sm-1174">
         <name>__aeabi_memclr8</name>
         <value>0xd5f1</value>
         <object_component_ref idref="oc-122"/>
      </symbol>
      <symbol id="sm-1175">
         <name>__aeabi_memclr4</name>
         <value>0xd5f1</value>
         <object_component_ref idref="oc-122"/>
      </symbol>
      <symbol id="sm-1176">
         <name>__aeabi_memclr</name>
         <value>0xd5f1</value>
         <object_component_ref idref="oc-122"/>
      </symbol>
      <symbol id="sm-1188">
         <name>__TI_zero_init</name>
         <value>0xdc9f</value>
         <object_component_ref idref="oc-61"/>
      </symbol>
      <symbol id="sm-119f">
         <name>__TI_decompress_none</name>
         <value>0xdc91</value>
         <object_component_ref idref="oc-18"/>
      </symbol>
      <symbol id="sm-11c2">
         <name>__TI_decompress_lzss</name>
         <value>0xd741</value>
         <object_component_ref idref="oc-12"/>
      </symbol>
      <symbol id="sm-11d5">
         <name>__stack</name>
         <value>0x200056b0</value>
         <object_component_ref idref="oc-21"/>
      </symbol>
      <symbol id="sm-11d6">
         <name>_c_int00_noargs</name>
         <value>0xdb21</value>
         <object_component_ref idref="oc-6d"/>
      </symbol>
      <symbol id="sm-11e1">
         <name>C$$EXIT</name>
         <value>0xdcc7</value>
         <object_component_ref idref="oc-25b"/>
      </symbol>
      <symbol id="sm-11e2">
         <name>abort</name>
         <value>0xdcc7</value>
         <object_component_ref idref="oc-25b"/>
      </symbol>
      <symbol id="sm-120b">
         <name>sprintf</name>
         <value>0xda65</value>
         <object_component_ref idref="oc-184"/>
      </symbol>
      <symbol id="sm-121a">
         <name>strcpy</name>
         <value>0xdc57</value>
         <object_component_ref idref="oc-178"/>
      </symbol>
      <symbol id="sm-1228">
         <name>strlen</name>
         <value>0xdc6b</value>
         <object_component_ref idref="oc-17e"/>
      </symbol>
      <symbol id="sm-1232">
         <name>__aeabi_idiv0</name>
         <value>0xa577</value>
         <object_component_ref idref="oc-1f8"/>
      </symbol>
      <symbol id="sm-1233">
         <name>__aeabi_ldiv0</name>
         <value>0xa577</value>
         <object_component_ref idref="oc-1f8"/>
      </symbol>
      <symbol id="sm-125b">
         <name>__TI_auto_init_nobinit_nopinit</name>
         <value>0xd99d</value>
         <object_component_ref idref="oc-267"/>
      </symbol>
      <symbol id="sm-1265">
         <name>_system_pre_init</name>
         <value>0xdcc3</value>
         <object_component_ref idref="oc-128"/>
      </symbol>
      <symbol id="sm-13cb">
         <name>__TI_printfi</name>
         <value>0x9b19</value>
         <object_component_ref idref="oc-2dd"/>
      </symbol>
      <symbol id="sm-13e1">
         <name>atoi</name>
         <value>0xd909</value>
         <object_component_ref idref="oc-3aa"/>
      </symbol>
      <symbol id="sm-13ec">
         <name>_ctypes_</name>
         <value>0xde7c</value>
         <object_component_ref idref="oc-441"/>
      </symbol>
      <symbol id="sm-13fb">
         <name>ltoa</name>
         <value>0xd863</value>
         <object_component_ref idref="oc-45c"/>
      </symbol>
      <symbol id="sm-140b">
         <name>memccpy</name>
         <value>0xdbf9</value>
         <object_component_ref idref="oc-3d3"/>
      </symbol>
      <symbol id="sm-141b">
         <name>strchr</name>
         <value>0xdc2d</value>
         <object_component_ref idref="oc-489"/>
      </symbol>
      <symbol id="sm-1434">
         <name>wcslen</name>
         <value>0xdc7f</value>
         <object_component_ref idref="oc-3d9"/>
      </symbol>
      <symbol id="sm-1454">
         <name>frexpl</name>
         <value>0xd7a9</value>
         <object_component_ref idref="oc-47d"/>
      </symbol>
      <symbol id="sm-1455">
         <name>frexp</name>
         <value>0xd7a9</value>
         <object_component_ref idref="oc-47d"/>
      </symbol>
      <symbol id="sm-1472">
         <name>scalbn</name>
         <value>0xd019</value>
         <object_component_ref idref="oc-483"/>
      </symbol>
      <symbol id="sm-1473">
         <name>scalbnl</name>
         <value>0xd019</value>
         <object_component_ref idref="oc-483"/>
      </symbol>
      <symbol id="sm-1474">
         <name>ldexpl</name>
         <value>0xd019</value>
         <object_component_ref idref="oc-483"/>
      </symbol>
      <symbol id="sm-1475">
         <name>ldexp</name>
         <value>0xd019</value>
         <object_component_ref idref="oc-483"/>
      </symbol>
      <symbol id="sm-1497">
         <name>__aeabi_cdcmpeq</name>
         <value>0xd4e5</value>
         <object_component_ref idref="oc-3b6"/>
      </symbol>
      <symbol id="sm-1498">
         <name>__aeabi_cdcmple</name>
         <value>0xd4e5</value>
         <object_component_ref idref="oc-3b6"/>
      </symbol>
      <symbol id="sm-1499">
         <name>__aeabi_cdrcmple</name>
         <value>0xd56b</value>
         <object_component_ref idref="oc-452"/>
      </symbol>
      <symbol id="sm-14ad">
         <name>__aeabi_ddiv</name>
         <value>0xc925</value>
         <object_component_ref idref="oc-44d"/>
      </symbol>
      <symbol id="sm-14b7">
         <name>__aeabi_d2iz</name>
         <value>0xd955</value>
         <object_component_ref idref="oc-457"/>
      </symbol>
      <symbol id="sm-14c4">
         <name>__aeabi_uldivmod</name>
         <value>0xd44f</value>
         <object_component_ref idref="oc-446"/>
      </symbol>
      <symbol id="sm-14da">
         <name>__aeabi_errno_addr</name>
         <value>0xdcb5</value>
         <object_component_ref idref="oc-3df"/>
      </symbol>
      <symbol id="sm-14db">
         <name>errno</name>
         <value>0x2000599c</value>
         <object_component_ref idref="oc-499"/>
      </symbol>
      <symbol id="sm-14e5">
         <name>copysign</name>
         <value>0xdc43</value>
         <object_component_ref idref="oc-4d6"/>
      </symbol>
      <symbol id="sm-14e6">
         <name>copysignl</name>
         <value>0xdc43</value>
         <object_component_ref idref="oc-4d6"/>
      </symbol>
      <symbol id="sm-14e7">
         <name>__TI_static_base__</name>
         <value>0x0</value>
      </symbol>
      <symbol id="sm-14ea">
         <name>__mpu_init</name>
         <value>0x0</value>
      </symbol>
      <symbol id="sm-14eb">
         <name>_system_post_cinit</name>
         <value>0x0</value>
      </symbol>
   </symbol_table>
   <title>Link successful</title>
</link_info>
