<?xml version="1.0" encoding="ISO-8859-1" ?>
<link_info>
   <banner>TI ARM Linker Unix v18.1.4.LTS</banner>
   <copyright>Copyright (c) 1996-2018 Texas Instruments Incorporated</copyright>
   <link_time>0x5dd2d309</link_time>
   <link_errors>0x0</link_errors>
   <output_file>MicroBot.out</output_file>
   <entry_point>
      <name>_c_int00_noargs</name>
      <address>0xd6bd</address>
   </entry_point>
   <input_file_list>
      <input_file id="fl-2">
         <path>./</path>
         <kind>object</kind>
         <file>bot_motion.obj</file>
         <name>bot_motion.obj</name>
      </input_file>
      <input_file id="fl-3">
         <path>./</path>
         <kind>object</kind>
         <file>main.obj</file>
         <name>main.obj</name>
      </input_file>
      <input_file id="fl-4">
         <path>./</path>
         <kind>object</kind>
         <file>startup_ccs.obj</file>
         <name>startup_ccs.obj</name>
      </input_file>
      <input_file id="fl-5">
         <path>./</path>
         <kind>object</kind>
         <file>tiva_tasks.obj</file>
         <name>tiva_tasks.obj</name>
      </input_file>
      <input_file id="fl-6">
         <path>./FreeRTOS/Source/</path>
         <kind>object</kind>
         <file>croutine.obj</file>
         <name>croutine.obj</name>
      </input_file>
      <input_file id="fl-7">
         <path>./FreeRTOS/Source/</path>
         <kind>object</kind>
         <file>event_groups.obj</file>
         <name>event_groups.obj</name>
      </input_file>
      <input_file id="fl-8">
         <path>./FreeRTOS/Source/</path>
         <kind>object</kind>
         <file>list.obj</file>
         <name>list.obj</name>
      </input_file>
      <input_file id="fl-9">
         <path>./FreeRTOS/Source/</path>
         <kind>object</kind>
         <file>queue.obj</file>
         <name>queue.obj</name>
      </input_file>
      <input_file id="fl-a">
         <path>./FreeRTOS/Source/</path>
         <kind>object</kind>
         <file>stream_buffer.obj</file>
         <name>stream_buffer.obj</name>
      </input_file>
      <input_file id="fl-b">
         <path>./FreeRTOS/Source/</path>
         <kind>object</kind>
         <file>tasks.obj</file>
         <name>tasks.obj</name>
      </input_file>
      <input_file id="fl-c">
         <path>./FreeRTOS/Source/</path>
         <kind>object</kind>
         <file>timers.obj</file>
         <name>timers.obj</name>
      </input_file>
      <input_file id="fl-d">
         <path>./FreeRTOS/Source/portable/CCS/ARM_CM4F/</path>
         <kind>object</kind>
         <file>port.obj</file>
         <name>port.obj</name>
      </input_file>
      <input_file id="fl-e">
         <path>./FreeRTOS/Source/portable/CCS/ARM_CM4F/</path>
         <kind>object</kind>
         <file>portasm.obj</file>
         <name>portasm.obj</name>
      </input_file>
      <input_file id="fl-f">
         <path>./FreeRTOS/Source/portable/MemMang/</path>
         <kind>object</kind>
         <file>heap_4.obj</file>
         <name>heap_4.obj</name>
      </input_file>
      <input_file id="fl-10">
         <path>./driverlib/</path>
         <kind>object</kind>
         <file>adc.obj</file>
         <name>adc.obj</name>
      </input_file>
      <input_file id="fl-11">
         <path>./driverlib/</path>
         <kind>object</kind>
         <file>aes.obj</file>
         <name>aes.obj</name>
      </input_file>
      <input_file id="fl-12">
         <path>./driverlib/</path>
         <kind>object</kind>
         <file>can.obj</file>
         <name>can.obj</name>
      </input_file>
      <input_file id="fl-13">
         <path>./driverlib/</path>
         <kind>object</kind>
         <file>comp.obj</file>
         <name>comp.obj</name>
      </input_file>
      <input_file id="fl-14">
         <path>./driverlib/</path>
         <kind>object</kind>
         <file>cpu.obj</file>
         <name>cpu.obj</name>
      </input_file>
      <input_file id="fl-15">
         <path>./driverlib/</path>
         <kind>object</kind>
         <file>crc.obj</file>
         <name>crc.obj</name>
      </input_file>
      <input_file id="fl-16">
         <path>./driverlib/</path>
         <kind>object</kind>
         <file>des.obj</file>
         <name>des.obj</name>
      </input_file>
      <input_file id="fl-17">
         <path>./driverlib/</path>
         <kind>object</kind>
         <file>eeprom.obj</file>
         <name>eeprom.obj</name>
      </input_file>
      <input_file id="fl-18">
         <path>./driverlib/</path>
         <kind>object</kind>
         <file>emac.obj</file>
         <name>emac.obj</name>
      </input_file>
      <input_file id="fl-19">
         <path>./driverlib/</path>
         <kind>object</kind>
         <file>epi.obj</file>
         <name>epi.obj</name>
      </input_file>
      <input_file id="fl-1a">
         <path>./driverlib/</path>
         <kind>object</kind>
         <file>epi_workaround_ccs.obj</file>
         <name>epi_workaround_ccs.obj</name>
      </input_file>
      <input_file id="fl-1b">
         <path>./driverlib/</path>
         <kind>object</kind>
         <file>flash.obj</file>
         <name>flash.obj</name>
      </input_file>
      <input_file id="fl-1c">
         <path>./driverlib/</path>
         <kind>object</kind>
         <file>fpu.obj</file>
         <name>fpu.obj</name>
      </input_file>
      <input_file id="fl-1d">
         <path>./driverlib/</path>
         <kind>object</kind>
         <file>gpio.obj</file>
         <name>gpio.obj</name>
      </input_file>
      <input_file id="fl-1e">
         <path>./driverlib/</path>
         <kind>object</kind>
         <file>hibernate.obj</file>
         <name>hibernate.obj</name>
      </input_file>
      <input_file id="fl-1f">
         <path>./driverlib/</path>
         <kind>object</kind>
         <file>i2c.obj</file>
         <name>i2c.obj</name>
      </input_file>
      <input_file id="fl-20">
         <path>./driverlib/</path>
         <kind>object</kind>
         <file>interrupt.obj</file>
         <name>interrupt.obj</name>
      </input_file>
      <input_file id="fl-21">
         <path>./driverlib/</path>
         <kind>object</kind>
         <file>lcd.obj</file>
         <name>lcd.obj</name>
      </input_file>
      <input_file id="fl-22">
         <path>./driverlib/</path>
         <kind>object</kind>
         <file>mpu.obj</file>
         <name>mpu.obj</name>
      </input_file>
      <input_file id="fl-23">
         <path>./driverlib/</path>
         <kind>object</kind>
         <file>onewire.obj</file>
         <name>onewire.obj</name>
      </input_file>
      <input_file id="fl-24">
         <path>./driverlib/</path>
         <kind>object</kind>
         <file>pwm.obj</file>
         <name>pwm.obj</name>
      </input_file>
      <input_file id="fl-25">
         <path>./driverlib/</path>
         <kind>object</kind>
         <file>qei.obj</file>
         <name>qei.obj</name>
      </input_file>
      <input_file id="fl-26">
         <path>./driverlib/</path>
         <kind>object</kind>
         <file>shamd5.obj</file>
         <name>shamd5.obj</name>
      </input_file>
      <input_file id="fl-27">
         <path>./driverlib/</path>
         <kind>object</kind>
         <file>ssi.obj</file>
         <name>ssi.obj</name>
      </input_file>
      <input_file id="fl-28">
         <path>./driverlib/</path>
         <kind>object</kind>
         <file>sw_crc.obj</file>
         <name>sw_crc.obj</name>
      </input_file>
      <input_file id="fl-29">
         <path>./driverlib/</path>
         <kind>object</kind>
         <file>sysctl.obj</file>
         <name>sysctl.obj</name>
      </input_file>
      <input_file id="fl-2a">
         <path>./driverlib/</path>
         <kind>object</kind>
         <file>sysexc.obj</file>
         <name>sysexc.obj</name>
      </input_file>
      <input_file id="fl-2b">
         <path>./driverlib/</path>
         <kind>object</kind>
         <file>systick.obj</file>
         <name>systick.obj</name>
      </input_file>
      <input_file id="fl-2c">
         <path>./driverlib/</path>
         <kind>object</kind>
         <file>timer.obj</file>
         <name>timer.obj</name>
      </input_file>
      <input_file id="fl-2d">
         <path>./driverlib/</path>
         <kind>object</kind>
         <file>uart.obj</file>
         <name>uart.obj</name>
      </input_file>
      <input_file id="fl-2e">
         <path>./driverlib/</path>
         <kind>object</kind>
         <file>udma.obj</file>
         <name>udma.obj</name>
      </input_file>
      <input_file id="fl-2f">
         <path>./driverlib/</path>
         <kind>object</kind>
         <file>usb.obj</file>
         <name>usb.obj</name>
      </input_file>
      <input_file id="fl-30">
         <path>./driverlib/</path>
         <kind>object</kind>
         <file>watchdog.obj</file>
         <name>watchdog.obj</name>
      </input_file>
      <input_file id="fl-31">
         <path>./drivers/</path>
         <kind>object</kind>
         <file>buttons.obj</file>
         <name>buttons.obj</name>
      </input_file>
      <input_file id="fl-32">
         <path>./drivers/</path>
         <kind>object</kind>
         <file>configADC.obj</file>
         <name>configADC.obj</name>
      </input_file>
      <input_file id="fl-33">
         <path>./drivers/</path>
         <kind>object</kind>
         <file>rgb.obj</file>
         <name>rgb.obj</name>
      </input_file>
      <input_file id="fl-34">
         <path>./usblib/device/</path>
         <kind>object</kind>
         <file>usbdaudio.obj</file>
         <name>usbdaudio.obj</name>
      </input_file>
      <input_file id="fl-35">
         <path>./usblib/device/</path>
         <kind>object</kind>
         <file>usbdbulk.obj</file>
         <name>usbdbulk.obj</name>
      </input_file>
      <input_file id="fl-36">
         <path>./usblib/device/</path>
         <kind>object</kind>
         <file>usbdcdc.obj</file>
         <name>usbdcdc.obj</name>
      </input_file>
      <input_file id="fl-37">
         <path>./usblib/device/</path>
         <kind>object</kind>
         <file>usbdcdesc.obj</file>
         <name>usbdcdesc.obj</name>
      </input_file>
      <input_file id="fl-38">
         <path>./usblib/device/</path>
         <kind>object</kind>
         <file>usbdcomp.obj</file>
         <name>usbdcomp.obj</name>
      </input_file>
      <input_file id="fl-39">
         <path>./usblib/device/</path>
         <kind>object</kind>
         <file>usbdconfig.obj</file>
         <name>usbdconfig.obj</name>
      </input_file>
      <input_file id="fl-3a">
         <path>./usblib/device/</path>
         <kind>object</kind>
         <file>usbddfu-rt.obj</file>
         <name>usbddfu-rt.obj</name>
      </input_file>
      <input_file id="fl-3b">
         <path>./usblib/device/</path>
         <kind>object</kind>
         <file>usbdenum.obj</file>
         <name>usbdenum.obj</name>
      </input_file>
      <input_file id="fl-3c">
         <path>./usblib/device/</path>
         <kind>object</kind>
         <file>usbdhandler.obj</file>
         <name>usbdhandler.obj</name>
      </input_file>
      <input_file id="fl-3d">
         <path>./usblib/device/</path>
         <kind>object</kind>
         <file>usbdhid.obj</file>
         <name>usbdhid.obj</name>
      </input_file>
      <input_file id="fl-3e">
         <path>./usblib/device/</path>
         <kind>object</kind>
         <file>usbdhidgamepad.obj</file>
         <name>usbdhidgamepad.obj</name>
      </input_file>
      <input_file id="fl-3f">
         <path>./usblib/device/</path>
         <kind>object</kind>
         <file>usbdhidkeyb.obj</file>
         <name>usbdhidkeyb.obj</name>
      </input_file>
      <input_file id="fl-40">
         <path>./usblib/device/</path>
         <kind>object</kind>
         <file>usbdhidmouse.obj</file>
         <name>usbdhidmouse.obj</name>
      </input_file>
      <input_file id="fl-41">
         <path>./usblib/device/</path>
         <kind>object</kind>
         <file>usbdmsc.obj</file>
         <name>usbdmsc.obj</name>
      </input_file>
      <input_file id="fl-42">
         <path>./usblib/host/</path>
         <kind>object</kind>
         <file>usbhaudio.obj</file>
         <name>usbhaudio.obj</name>
      </input_file>
      <input_file id="fl-43">
         <path>./usblib/host/</path>
         <kind>object</kind>
         <file>usbhhid.obj</file>
         <name>usbhhid.obj</name>
      </input_file>
      <input_file id="fl-44">
         <path>./usblib/host/</path>
         <kind>object</kind>
         <file>usbhhidkeyboard.obj</file>
         <name>usbhhidkeyboard.obj</name>
      </input_file>
      <input_file id="fl-45">
         <path>./usblib/host/</path>
         <kind>object</kind>
         <file>usbhhidmouse.obj</file>
         <name>usbhhidmouse.obj</name>
      </input_file>
      <input_file id="fl-46">
         <path>./usblib/host/</path>
         <kind>object</kind>
         <file>usbhhub.obj</file>
         <name>usbhhub.obj</name>
      </input_file>
      <input_file id="fl-47">
         <path>./usblib/host/</path>
         <kind>object</kind>
         <file>usbhmsc.obj</file>
         <name>usbhmsc.obj</name>
      </input_file>
      <input_file id="fl-48">
         <path>./usblib/host/</path>
         <kind>object</kind>
         <file>usbhostenum.obj</file>
         <name>usbhostenum.obj</name>
      </input_file>
      <input_file id="fl-49">
         <path>./usblib/host/</path>
         <kind>object</kind>
         <file>usbhscsi.obj</file>
         <name>usbhscsi.obj</name>
      </input_file>
      <input_file id="fl-4a">
         <path>./usblib/</path>
         <kind>object</kind>
         <file>usbbuffer.obj</file>
         <name>usbbuffer.obj</name>
      </input_file>
      <input_file id="fl-4b">
         <path>./usblib/</path>
         <kind>object</kind>
         <file>usbdesc.obj</file>
         <name>usbdesc.obj</name>
      </input_file>
      <input_file id="fl-4c">
         <path>./usblib/</path>
         <kind>object</kind>
         <file>usbdma.obj</file>
         <name>usbdma.obj</name>
      </input_file>
      <input_file id="fl-4d">
         <path>./usblib/</path>
         <kind>object</kind>
         <file>usbkeyboardmap.obj</file>
         <name>usbkeyboardmap.obj</name>
      </input_file>
      <input_file id="fl-4e">
         <path>./usblib/</path>
         <kind>object</kind>
         <file>usbmode.obj</file>
         <name>usbmode.obj</name>
      </input_file>
      <input_file id="fl-4f">
         <path>./usblib/</path>
         <kind>object</kind>
         <file>usbringbuf.obj</file>
         <name>usbringbuf.obj</name>
      </input_file>
      <input_file id="fl-50">
         <path>./usblib/</path>
         <kind>object</kind>
         <file>usbtick.obj</file>
         <name>usbtick.obj</name>
      </input_file>
      <input_file id="fl-51">
         <path>./usblib/</path>
         <kind>object</kind>
         <file>usbulpi.obj</file>
         <name>usbulpi.obj</name>
      </input_file>
      <input_file id="fl-52">
         <path>./utils/</path>
         <kind>object</kind>
         <file>RunTimeStatsConfig.obj</file>
         <name>RunTimeStatsConfig.obj</name>
      </input_file>
      <input_file id="fl-53">
         <path>./utils/</path>
         <kind>object</kind>
         <file>cmdline.obj</file>
         <name>cmdline.obj</name>
      </input_file>
      <input_file id="fl-54">
         <path>./utils/</path>
         <kind>object</kind>
         <file>cpu_usage.obj</file>
         <name>cpu_usage.obj</name>
      </input_file>
      <input_file id="fl-55">
         <path>./utils/</path>
         <kind>object</kind>
         <file>uartstdio.obj</file>
         <name>uartstdio.obj</name>
      </input_file>
      <input_file id="fl-59">
         <kind>object</kind>
         <file>&lt;internal&gt;</file>
         <name>&lt;internal&gt;</name>
      </input_file>
      <input_file id="fl-10f">
         <path>/opt/ti/ccsv8/tools/compiler/ti-cgt-arm_18.1.4.LTS/lib/</path>
         <kind>archive</kind>
         <file>rtsv7M4_T_le_v4SPD16_eabi.lib</file>
         <name>u_divt2.asm.obj</name>
      </input_file>
      <input_file id="fl-110">
         <path>/opt/ti/ccsv8/tools/compiler/ti-cgt-arm_18.1.4.LTS/lib/</path>
         <kind>archive</kind>
         <file>rtsv7M4_T_le_v4SPD16_eabi.lib</file>
         <name>fd_add_t2.asm.obj</name>
      </input_file>
      <input_file id="fl-111">
         <path>/opt/ti/ccsv8/tools/compiler/ti-cgt-arm_18.1.4.LTS/lib/</path>
         <kind>archive</kind>
         <file>rtsv7M4_T_le_v4SPD16_eabi.lib</file>
         <name>fd_mul_t2.asm.obj</name>
      </input_file>
      <input_file id="fl-112">
         <path>/opt/ti/ccsv8/tools/compiler/ti-cgt-arm_18.1.4.LTS/lib/</path>
         <kind>archive</kind>
         <file>rtsv7M4_T_le_v4SPD16_eabi.lib</file>
         <name>fd_tou_t2.asm.obj</name>
      </input_file>
      <input_file id="fl-113">
         <path>/opt/ti/ccsv8/tools/compiler/ti-cgt-arm_18.1.4.LTS/lib/</path>
         <kind>archive</kind>
         <file>rtsv7M4_T_le_v4SPD16_eabi.lib</file>
         <name>fs_toull_t2.asm.obj</name>
      </input_file>
      <input_file id="fl-114">
         <path>/opt/ti/ccsv8/tools/compiler/ti-cgt-arm_18.1.4.LTS/lib/</path>
         <kind>archive</kind>
         <file>rtsv7M4_T_le_v4SPD16_eabi.lib</file>
         <name>i_tofd_t2.asm.obj</name>
      </input_file>
      <input_file id="fl-115">
         <path>/opt/ti/ccsv8/tools/compiler/ti-cgt-arm_18.1.4.LTS/lib/</path>
         <kind>archive</kind>
         <file>rtsv7M4_T_le_v4SPD16_eabi.lib</file>
         <name>memcpy_t2.asm.obj</name>
      </input_file>
      <input_file id="fl-116">
         <path>/opt/ti/ccsv8/tools/compiler/ti-cgt-arm_18.1.4.LTS/lib/</path>
         <kind>archive</kind>
         <file>rtsv7M4_T_le_v4SPD16_eabi.lib</file>
         <name>u_tofd_t2.asm.obj</name>
      </input_file>
      <input_file id="fl-117">
         <path>/opt/ti/ccsv8/tools/compiler/ti-cgt-arm_18.1.4.LTS/lib/</path>
         <kind>archive</kind>
         <file>rtsv7M4_T_le_v4SPD16_eabi.lib</file>
         <name>memset_t2.asm.obj</name>
      </input_file>
      <input_file id="fl-118">
         <path>/opt/ti/ccsv8/tools/compiler/ti-cgt-arm_18.1.4.LTS/lib/</path>
         <kind>archive</kind>
         <file>rtsv7M4_T_le_v4SPD16_eabi.lib</file>
         <name>copy_zero_init.c.obj</name>
      </input_file>
      <input_file id="fl-119">
         <path>/opt/ti/ccsv8/tools/compiler/ti-cgt-arm_18.1.4.LTS/lib/</path>
         <kind>archive</kind>
         <file>rtsv7M4_T_le_v4SPD16_eabi.lib</file>
         <name>copy_decompress_none.c.obj</name>
      </input_file>
      <input_file id="fl-11a">
         <path>/opt/ti/ccsv8/tools/compiler/ti-cgt-arm_18.1.4.LTS/lib/</path>
         <kind>archive</kind>
         <file>rtsv7M4_T_le_v4SPD16_eabi.lib</file>
         <name>copy_decompress_lzss.c.obj</name>
      </input_file>
      <input_file id="fl-11b">
         <path>/opt/ti/ccsv8/tools/compiler/ti-cgt-arm_18.1.4.LTS/lib/</path>
         <kind>archive</kind>
         <file>rtsv7M4_T_le_v4SPD16_eabi.lib</file>
         <name>boot_cortex_m.c.obj</name>
      </input_file>
      <input_file id="fl-11c">
         <path>/opt/ti/ccsv8/tools/compiler/ti-cgt-arm_18.1.4.LTS/lib/</path>
         <kind>archive</kind>
         <file>rtsv7M4_T_le_v4SPD16_eabi.lib</file>
         <name>exit.c.obj</name>
      </input_file>
      <input_file id="fl-11d">
         <path>/opt/ti/ccsv8/tools/compiler/ti-cgt-arm_18.1.4.LTS/lib/</path>
         <kind>archive</kind>
         <file>rtsv7M4_T_le_v4SPD16_eabi.lib</file>
         <name>_lock.c.obj</name>
      </input_file>
      <input_file id="fl-11e">
         <path>/opt/ti/ccsv8/tools/compiler/ti-cgt-arm_18.1.4.LTS/lib/</path>
         <kind>archive</kind>
         <file>rtsv7M4_T_le_v4SPD16_eabi.lib</file>
         <name>args_main.c.obj</name>
      </input_file>
      <input_file id="fl-11f">
         <path>/opt/ti/ccsv8/tools/compiler/ti-cgt-arm_18.1.4.LTS/lib/</path>
         <kind>archive</kind>
         <file>rtsv7M4_T_le_v4SPD16_eabi.lib</file>
         <name>sprintf.c.obj</name>
      </input_file>
      <input_file id="fl-120">
         <path>/opt/ti/ccsv8/tools/compiler/ti-cgt-arm_18.1.4.LTS/lib/</path>
         <kind>archive</kind>
         <file>rtsv7M4_T_le_v4SPD16_eabi.lib</file>
         <name>strcmp.c.obj</name>
      </input_file>
      <input_file id="fl-121">
         <path>/opt/ti/ccsv8/tools/compiler/ti-cgt-arm_18.1.4.LTS/lib/</path>
         <kind>archive</kind>
         <file>rtsv7M4_T_le_v4SPD16_eabi.lib</file>
         <name>strcpy.c.obj</name>
      </input_file>
      <input_file id="fl-122">
         <path>/opt/ti/ccsv8/tools/compiler/ti-cgt-arm_18.1.4.LTS/lib/</path>
         <kind>archive</kind>
         <file>rtsv7M4_T_le_v4SPD16_eabi.lib</file>
         <name>strlen.c.obj</name>
      </input_file>
      <input_file id="fl-123">
         <path>/opt/ti/ccsv8/tools/compiler/ti-cgt-arm_18.1.4.LTS/lib/</path>
         <kind>archive</kind>
         <file>rtsv7M4_T_le_v4SPD16_eabi.lib</file>
         <name>div0.asm.obj</name>
      </input_file>
      <input_file id="fl-124">
         <path>/opt/ti/ccsv8/tools/compiler/ti-cgt-arm_18.1.4.LTS/lib/</path>
         <kind>archive</kind>
         <file>rtsv7M4_T_le_v4SPD16_eabi.lib</file>
         <name>autoinit.c.obj</name>
      </input_file>
      <input_file id="fl-125">
         <path>/opt/ti/ccsv8/tools/compiler/ti-cgt-arm_18.1.4.LTS/lib/</path>
         <kind>archive</kind>
         <file>rtsv7M4_T_le_v4SPD16_eabi.lib</file>
         <name>pre_init.c.obj</name>
      </input_file>
      <input_file id="fl-126">
         <path>/opt/ti/ccsv8/tools/compiler/ti-cgt-arm_18.1.4.LTS/lib/</path>
         <kind>archive</kind>
         <file>rtsv7M4_T_le_v4SPD16_eabi.lib</file>
         <name>cpy_tbl.c.obj</name>
      </input_file>
      <input_file id="fl-127">
         <path>/opt/ti/ccsv8/tools/compiler/ti-cgt-arm_18.1.4.LTS/lib/</path>
         <kind>archive</kind>
         <file>rtsv7M4_T_le_v4SPD16_eabi.lib</file>
         <name>_printfi.c.obj</name>
      </input_file>
      <input_file id="fl-128">
         <path>/opt/ti/ccsv8/tools/compiler/ti-cgt-arm_18.1.4.LTS/lib/</path>
         <kind>archive</kind>
         <file>rtsv7M4_T_le_v4SPD16_eabi.lib</file>
         <name>atoi.c.obj</name>
      </input_file>
      <input_file id="fl-129">
         <path>/opt/ti/ccsv8/tools/compiler/ti-cgt-arm_18.1.4.LTS/lib/</path>
         <kind>archive</kind>
         <file>rtsv7M4_T_le_v4SPD16_eabi.lib</file>
         <name>ctype.c.obj</name>
      </input_file>
      <input_file id="fl-12a">
         <path>/opt/ti/ccsv8/tools/compiler/ti-cgt-arm_18.1.4.LTS/lib/</path>
         <kind>archive</kind>
         <file>rtsv7M4_T_le_v4SPD16_eabi.lib</file>
         <name>ltoa.c.obj</name>
      </input_file>
      <input_file id="fl-12b">
         <path>/opt/ti/ccsv8/tools/compiler/ti-cgt-arm_18.1.4.LTS/lib/</path>
         <kind>archive</kind>
         <file>rtsv7M4_T_le_v4SPD16_eabi.lib</file>
         <name>memccpy.c.obj</name>
      </input_file>
      <input_file id="fl-12c">
         <path>/opt/ti/ccsv8/tools/compiler/ti-cgt-arm_18.1.4.LTS/lib/</path>
         <kind>archive</kind>
         <file>rtsv7M4_T_le_v4SPD16_eabi.lib</file>
         <name>strchr.c.obj</name>
      </input_file>
      <input_file id="fl-12d">
         <path>/opt/ti/ccsv8/tools/compiler/ti-cgt-arm_18.1.4.LTS/lib/</path>
         <kind>archive</kind>
         <file>rtsv7M4_T_le_v4SPD16_eabi.lib</file>
         <name>wcslen.c.obj</name>
      </input_file>
      <input_file id="fl-12e">
         <path>/opt/ti/ccsv8/tools/compiler/ti-cgt-arm_18.1.4.LTS/lib/</path>
         <kind>archive</kind>
         <file>rtsv7M4_T_le_v4SPD16_eabi.lib</file>
         <name>s_frexp.c.obj</name>
      </input_file>
      <input_file id="fl-12f">
         <path>/opt/ti/ccsv8/tools/compiler/ti-cgt-arm_18.1.4.LTS/lib/</path>
         <kind>archive</kind>
         <file>rtsv7M4_T_le_v4SPD16_eabi.lib</file>
         <name>s_scalbn.c.obj</name>
      </input_file>
      <input_file id="fl-130">
         <path>/opt/ti/ccsv8/tools/compiler/ti-cgt-arm_18.1.4.LTS/lib/</path>
         <kind>archive</kind>
         <file>rtsv7M4_T_le_v4SPD16_eabi.lib</file>
         <name>fd_cmp_t2.asm.obj</name>
      </input_file>
      <input_file id="fl-131">
         <path>/opt/ti/ccsv8/tools/compiler/ti-cgt-arm_18.1.4.LTS/lib/</path>
         <kind>archive</kind>
         <file>rtsv7M4_T_le_v4SPD16_eabi.lib</file>
         <name>fd_div_t2.asm.obj</name>
      </input_file>
      <input_file id="fl-132">
         <path>/opt/ti/ccsv8/tools/compiler/ti-cgt-arm_18.1.4.LTS/lib/</path>
         <kind>archive</kind>
         <file>rtsv7M4_T_le_v4SPD16_eabi.lib</file>
         <name>fd_toi_t2.asm.obj</name>
      </input_file>
      <input_file id="fl-133">
         <path>/opt/ti/ccsv8/tools/compiler/ti-cgt-arm_18.1.4.LTS/lib/</path>
         <kind>archive</kind>
         <file>rtsv7M4_T_le_v4SPD16_eabi.lib</file>
         <name>ull_div_t2.asm.obj</name>
      </input_file>
      <input_file id="fl-134">
         <path>/opt/ti/ccsv8/tools/compiler/ti-cgt-arm_18.1.4.LTS/lib/</path>
         <kind>archive</kind>
         <file>rtsv7M4_T_le_v4SPD16_eabi.lib</file>
         <name>errno.c.obj</name>
      </input_file>
      <input_file id="fl-135">
         <path>/opt/ti/ccsv8/tools/compiler/ti-cgt-arm_18.1.4.LTS/lib/</path>
         <kind>archive</kind>
         <file>rtsv7M4_T_le_v4SPD16_eabi.lib</file>
         <name>s_copysign.c.obj</name>
      </input_file>
   </input_file_list>
   <object_component_list>
      <object_component id="oc-f">
         <name>.intvecs</name>
         <load_address>0x0</load_address>
         <run_address>0x0</run_address>
         <size>0x26c</size>
         <input_file_ref idref="fl-4"/>
      </object_component>
      <object_component id="oc-88">
         <name>.text</name>
         <load_address>0x26c</load_address>
         <run_address>0x26c</run_address>
         <size>0x1ef8</size>
         <input_file_ref idref="fl-b"/>
      </object_component>
      <object_component id="oc-e4">
         <name>.text</name>
         <load_address>0x2164</load_address>
         <run_address>0x2164</run_address>
         <size>0x1688</size>
         <input_file_ref idref="fl-29"/>
      </object_component>
      <object_component id="oc-ea">
         <name>.text</name>
         <load_address>0x37ec</load_address>
         <run_address>0x37ec</run_address>
         <size>0x11ec</size>
         <input_file_ref idref="fl-1d"/>
      </object_component>
      <object_component id="oc-de">
         <name>.text</name>
         <load_address>0x49d8</load_address>
         <run_address>0x49d8</run_address>
         <size>0x1050</size>
         <input_file_ref idref="fl-10"/>
      </object_component>
      <object_component id="oc-1a3">
         <name>.text</name>
         <load_address>0x5a28</load_address>
         <run_address>0x5a28</run_address>
         <size>0xf48</size>
         <input_file_ref idref="fl-24"/>
      </object_component>
      <object_component id="oc-a9">
         <name>.text</name>
         <load_address>0x6970</load_address>
         <run_address>0x6970</run_address>
         <size>0xeb4</size>
         <input_file_ref idref="fl-9"/>
      </object_component>
      <object_component id="oc-f6">
         <name>.text</name>
         <load_address>0x7824</load_address>
         <run_address>0x7824</run_address>
         <size>0xcf4</size>
         <input_file_ref idref="fl-2c"/>
      </object_component>
      <object_component id="oc-35">
         <name>.text</name>
         <load_address>0x8518</load_address>
         <run_address>0x8518</run_address>
         <size>0xb8c</size>
         <input_file_ref idref="fl-55"/>
      </object_component>
      <object_component id="oc-af">
         <name>.text</name>
         <load_address>0x90a4</load_address>
         <run_address>0x90a4</run_address>
         <size>0xa74</size>
         <input_file_ref idref="fl-2d"/>
      </object_component>
      <object_component id="oc-2dc">
         <name>.text:__TI_printfi</name>
         <load_address>0x9b18</load_address>
         <run_address>0x9b18</run_address>
         <size>0xa5e</size>
         <input_file_ref idref="fl-127"/>
      </object_component>
      <object_component id="oc-1f7">
         <name>.text</name>
         <load_address>0xa576</load_address>
         <run_address>0xa576</run_address>
         <size>0x2</size>
         <input_file_ref idref="fl-123"/>
      </object_component>
      <object_component id="oc-15c">
         <name>.text</name>
         <load_address>0xa578</load_address>
         <run_address>0xa578</run_address>
         <size>0x71c</size>
         <input_file_ref idref="fl-c"/>
      </object_component>
      <object_component id="oc-f0">
         <name>.text</name>
         <load_address>0xac94</load_address>
         <run_address>0xac94</run_address>
         <size>0x490</size>
         <input_file_ref idref="fl-20"/>
      </object_component>
      <object_component id="oc-144">
         <name>.text</name>
         <load_address>0xb124</load_address>
         <run_address>0xb124</run_address>
         <size>0x370</size>
         <input_file_ref idref="fl-f"/>
      </object_component>
      <object_component id="oc-8f">
         <name>.text</name>
         <load_address>0xb494</load_address>
         <run_address>0xb494</run_address>
         <size>0x2ec</size>
         <input_file_ref idref="fl-3"/>
      </object_component>
      <object_component id="oc-2f">
         <name>.text</name>
         <load_address>0xb780</load_address>
         <run_address>0xb780</run_address>
         <size>0x2d0</size>
         <input_file_ref idref="fl-d"/>
      </object_component>
      <object_component id="oc-3c3">
         <name>.text:_pconv_a</name>
         <load_address>0xba50</load_address>
         <run_address>0xba50</run_address>
         <size>0x270</size>
         <input_file_ref idref="fl-127"/>
      </object_component>
      <object_component id="oc-3b">
         <name>.text</name>
         <load_address>0xbcc0</load_address>
         <run_address>0xbcc0</run_address>
         <size>0x25c</size>
         <input_file_ref idref="fl-32"/>
      </object_component>
      <object_component id="oc-3b1">
         <name>.text:_pconv_g</name>
         <load_address>0xbf1c</load_address>
         <run_address>0xbf1c</run_address>
         <size>0x1d0</size>
         <input_file_ref idref="fl-127"/>
      </object_component>
      <object_component id="oc-2fa">
         <name>.text</name>
         <load_address>0xc0ec</load_address>
         <run_address>0xc0ec</run_address>
         <size>0x1b6</size>
         <input_file_ref idref="fl-110"/>
      </object_component>
      <object_component id="oc-3bd">
         <name>.text:_pconv_e</name>
         <load_address>0xc2a4</load_address>
         <run_address>0xc2a4</run_address>
         <size>0x13c</size>
         <input_file_ref idref="fl-127"/>
      </object_component>
      <object_component id="oc-43d">
         <name>.text</name>
         <load_address>0xc3e0</load_address>
         <run_address>0xc3e0</run_address>
         <size>0x136</size>
         <input_file_ref idref="fl-131"/>
      </object_component>
      <object_component id="oc-14a">
         <name>.text</name>
         <load_address>0xc516</load_address>
         <run_address>0xc516</run_address>
         <size>0x12a</size>
         <input_file_ref idref="fl-8"/>
      </object_component>
      <object_component id="oc-19d">
         <name>.text</name>
         <load_address>0xc640</load_address>
         <run_address>0xc640</run_address>
         <size>0x128</size>
         <input_file_ref idref="fl-31"/>
      </object_component>
      <object_component id="oc-191">
         <name>.text</name>
         <load_address>0xc768</load_address>
         <run_address>0xc768</run_address>
         <size>0x124</size>
         <input_file_ref idref="fl-2"/>
      </object_component>
      <object_component id="oc-197">
         <name>.text</name>
         <load_address>0xc88c</load_address>
         <run_address>0xc88c</run_address>
         <size>0x124</size>
         <input_file_ref idref="fl-54"/>
      </object_component>
      <object_component id="oc-45f">
         <name>.text:fcvt</name>
         <load_address>0xc9b0</load_address>
         <run_address>0xc9b0</run_address>
         <size>0x124</size>
         <input_file_ref idref="fl-127"/>
      </object_component>
      <object_component id="oc-473">
         <name>.text:scalbn</name>
         <load_address>0xcad4</load_address>
         <run_address>0xcad4</run_address>
         <size>0x110</size>
         <input_file_ref idref="fl-12f"/>
      </object_component>
      <object_component id="oc-2f5">
         <name>.text</name>
         <load_address>0xcbe4</load_address>
         <run_address>0xcbe4</run_address>
         <size>0xfc</size>
         <input_file_ref idref="fl-111"/>
      </object_component>
      <object_component id="oc-1a9">
         <name>.text</name>
         <load_address>0xcce0</load_address>
         <run_address>0xcce0</run_address>
         <size>0xe0</size>
         <input_file_ref idref="fl-5"/>
      </object_component>
      <object_component id="oc-2a">
         <name>.text</name>
         <load_address>0xcdc0</load_address>
         <run_address>0xcdc0</run_address>
         <size>0xda</size>
         <input_file_ref idref="fl-e"/>
      </object_component>
      <object_component id="oc-3a6">
         <name>.text:_ltostr</name>
         <load_address>0xce9c</load_address>
         <run_address>0xce9c</run_address>
         <size>0xb1</size>
         <input_file_ref idref="fl-127"/>
      </object_component>
      <object_component id="oc-4f">
         <name>.text</name>
         <load_address>0xcf4e</load_address>
         <run_address>0xcf4e</run_address>
         <size>0x9c</size>
         <input_file_ref idref="fl-115"/>
      </object_component>
      <object_component id="oc-436">
         <name>.text</name>
         <load_address>0xcfea</load_address>
         <run_address>0xcfea</run_address>
         <size>0x96</size>
         <input_file_ref idref="fl-133"/>
      </object_component>
      <object_component id="oc-3ac">
         <name>.text:__aeabi_cdcmple</name>
         <load_address>0xd080</load_address>
         <run_address>0xd080</run_address>
         <size>0x86</size>
         <input_file_ref idref="fl-130"/>
      </object_component>
      <object_component id="oc-442">
         <name>.text:__aeabi_cdrcmple</name>
         <load_address>0xd106</load_address>
         <run_address>0xd106</run_address>
         <size>0x86</size>
         <input_file_ref idref="fl-130"/>
      </object_component>
      <object_component id="oc-122">
         <name>.text</name>
         <load_address>0xd18c</load_address>
         <run_address>0xd18c</run_address>
         <size>0x7a</size>
         <input_file_ref idref="fl-117"/>
      </object_component>
      <object_component id="oc-458">
         <name>.text:_mcpy</name>
         <load_address>0xd206</load_address>
         <run_address>0xd206</run_address>
         <size>0x6e</size>
         <input_file_ref idref="fl-127"/>
      </object_component>
      <object_component id="oc-162">
         <name>.text</name>
         <load_address>0xd274</load_address>
         <run_address>0xd274</run_address>
         <size>0x68</size>
         <input_file_ref idref="fl-52"/>
      </object_component>
      <object_component id="oc-12">
         <name>.text:decompress:lzss:__TI_decompress_lzss</name>
         <load_address>0xd2dc</load_address>
         <run_address>0xd2dc</run_address>
         <size>0x68</size>
         <input_file_ref idref="fl-11a"/>
      </object_component>
      <object_component id="oc-46d">
         <name>.text:frexp</name>
         <load_address>0xd344</load_address>
         <run_address>0xd344</run_address>
         <size>0x64</size>
         <input_file_ref idref="fl-12e"/>
      </object_component>
      <object_component id="oc-3b7">
         <name>.text:_pconv_f</name>
         <load_address>0xd3a8</load_address>
         <run_address>0xd3a8</run_address>
         <size>0x56</size>
         <input_file_ref idref="fl-127"/>
      </object_component>
      <object_component id="oc-44c">
         <name>.text:ltoa</name>
         <load_address>0xd3fe</load_address>
         <run_address>0xd3fe</run_address>
         <size>0x54</size>
         <input_file_ref idref="fl-12a"/>
      </object_component>
      <object_component id="oc-452">
         <name>.text:_ecpy</name>
         <load_address>0xd452</load_address>
         <run_address>0xd452</run_address>
         <size>0x52</size>
         <input_file_ref idref="fl-127"/>
      </object_component>
      <object_component id="oc-3a0">
         <name>.text:atoi</name>
         <load_address>0xd4a4</load_address>
         <run_address>0xd4a4</run_address>
         <size>0x4c</size>
         <input_file_ref idref="fl-128"/>
      </object_component>
      <object_component id="oc-447">
         <name>.text</name>
         <load_address>0xd4f0</load_address>
         <run_address>0xd4f0</run_address>
         <size>0x48</size>
         <input_file_ref idref="fl-132"/>
      </object_component>
      <object_component id="oc-266">
         <name>.text:__TI_auto_init_nobinit_nopinit:__TI_auto_init_nobinit_nopinit</name>
         <load_address>0xd538</load_address>
         <run_address>0xd538</run_address>
         <size>0x44</size>
         <input_file_ref idref="fl-124"/>
      </object_component>
      <object_component id="oc-2ff">
         <name>.text</name>
         <load_address>0xd57c</load_address>
         <run_address>0xd57c</run_address>
         <size>0x44</size>
         <input_file_ref idref="fl-112"/>
      </object_component>
      <object_component id="oc-ca">
         <name>.text</name>
         <load_address>0xd5c0</load_address>
         <run_address>0xd5c0</run_address>
         <size>0x40</size>
         <input_file_ref idref="fl-10f"/>
      </object_component>
      <object_component id="oc-184">
         <name>.text:sprintf</name>
         <load_address>0xd600</load_address>
         <run_address>0xd600</run_address>
         <size>0x40</size>
         <input_file_ref idref="fl-11f"/>
      </object_component>
      <object_component id="oc-465">
         <name>.text:_fcpy</name>
         <load_address>0xd640</load_address>
         <run_address>0xd640</run_address>
         <size>0x3e</size>
         <input_file_ref idref="fl-127"/>
      </object_component>
      <object_component id="oc-20a">
         <name>.text</name>
         <load_address>0xd67e</load_address>
         <run_address>0xd67e</run_address>
         <size>0x3e</size>
         <input_file_ref idref="fl-14"/>
      </object_component>
      <object_component id="oc-6d">
         <name>.text:_c_int00_noargs:_c_int00_noargs</name>
         <load_address>0xd6bc</load_address>
         <run_address>0xd6bc</run_address>
         <size>0x38</size>
         <input_file_ref idref="fl-11b"/>
      </object_component>
      <object_component id="oc-2f0">
         <name>.text</name>
         <load_address>0xd6f4</load_address>
         <run_address>0xd6f4</run_address>
         <size>0x2e</size>
         <input_file_ref idref="fl-114"/>
      </object_component>
      <object_component id="oc-24">
         <name>.text</name>
         <load_address>0xd724</load_address>
         <run_address>0xd724</run_address>
         <size>0x2c</size>
         <input_file_ref idref="fl-4"/>
      </object_component>
      <object_component id="oc-16b">
         <name>.text:GetOverflowCounts</name>
         <load_address>0xd750</load_address>
         <run_address>0xd750</run_address>
         <size>0x24</size>
         <input_file_ref idref="fl-52"/>
      </object_component>
      <object_component id="oc-304">
         <name>.text</name>
         <load_address>0xd774</load_address>
         <run_address>0xd774</run_address>
         <size>0x20</size>
         <input_file_ref idref="fl-116"/>
      </object_component>
      <object_component id="oc-3c9">
         <name>.text:memccpy</name>
         <load_address>0xd794</load_address>
         <run_address>0xd794</run_address>
         <size>0x1c</size>
         <input_file_ref idref="fl-12b"/>
      </object_component>
      <object_component id="oc-2e2">
         <name>.text:_outs</name>
         <load_address>0xd7b0</load_address>
         <run_address>0xd7b0</run_address>
         <size>0x18</size>
         <input_file_ref idref="fl-11f"/>
      </object_component>
      <object_component id="oc-479">
         <name>.text:strchr</name>
         <load_address>0xd7c8</load_address>
         <run_address>0xd7c8</run_address>
         <size>0x16</size>
         <input_file_ref idref="fl-12c"/>
      </object_component>
      <object_component id="oc-4c6">
         <name>.text:copysign</name>
         <load_address>0xd7de</load_address>
         <run_address>0xd7de</run_address>
         <size>0x14</size>
         <input_file_ref idref="fl-135"/>
      </object_component>
      <object_component id="oc-178">
         <name>.text:strcpy</name>
         <load_address>0xd7f2</load_address>
         <run_address>0xd7f2</run_address>
         <size>0x14</size>
         <input_file_ref idref="fl-121"/>
      </object_component>
      <object_component id="oc-17e">
         <name>.text:strlen</name>
         <load_address>0xd806</load_address>
         <run_address>0xd806</run_address>
         <size>0x14</size>
         <input_file_ref idref="fl-122"/>
      </object_component>
      <object_component id="oc-3cf">
         <name>.text:wcslen</name>
         <load_address>0xd81a</load_address>
         <run_address>0xd81a</run_address>
         <size>0x12</size>
         <input_file_ref idref="fl-12d"/>
      </object_component>
      <object_component id="oc-18">
         <name>.text:decompress:none:__TI_decompress_none</name>
         <load_address>0xd82c</load_address>
         <run_address>0xd82c</run_address>
         <size>0xe</size>
         <input_file_ref idref="fl-119"/>
      </object_component>
      <object_component id="oc-61">
         <name>.text:decompress:ZI:__TI_zero_init</name>
         <load_address>0xd83a</load_address>
         <run_address>0xd83a</run_address>
         <size>0xc</size>
         <input_file_ref idref="fl-118"/>
      </object_component>
      <object_component id="oc-2e8">
         <name>.text:_outc</name>
         <load_address>0xd846</load_address>
         <run_address>0xd846</run_address>
         <size>0xa</size>
         <input_file_ref idref="fl-11f"/>
      </object_component>
      <object_component id="oc-3d5">
         <name>.text:__aeabi_errno_addr</name>
         <load_address>0xd850</load_address>
         <run_address>0xd850</run_address>
         <size>0x8</size>
         <input_file_ref idref="fl-134"/>
      </object_component>
      <object_component id="oc-190">
         <name>.text:SysCtlDelay</name>
         <load_address>0xd858</load_address>
         <run_address>0xd858</run_address>
         <size>0x6</size>
         <input_file_ref idref="fl-29"/>
      </object_component>
      <object_component id="oc-128">
         <name>.text:_system_pre_init</name>
         <load_address>0xd85e</load_address>
         <run_address>0xd85e</run_address>
         <size>0x4</size>
         <input_file_ref idref="fl-125"/>
      </object_component>
      <object_component id="oc-25a">
         <name>.text:abort:abort</name>
         <load_address>0xd862</load_address>
         <run_address>0xd862</run_address>
         <size>0x4</size>
         <input_file_ref idref="fl-11c"/>
      </object_component>
      <object_component id="oc-216">
         <name>.const:g_pppui32XTALtoVCO</name>
         <load_address>0xd868</load_address>
         <run_address>0xd868</run_address>
         <size>0x1b0</size>
         <input_file_ref idref="fl-29"/>
      </object_component>
      <object_component id="oc-431">
         <name>.const:.string:_ctypes_</name>
         <load_address>0xda18</load_address>
         <run_address>0xda18</run_address>
         <size>0x101</size>
         <input_file_ref idref="fl-129"/>
      </object_component>
      <object_component id="oc-21e">
         <name>.const:g_ppui32GPIOIntMapSnowflake</name>
         <load_address>0xdb1c</load_address>
         <run_address>0xdb1c</run_address>
         <size>0xd8</size>
         <input_file_ref idref="fl-1d"/>
      </object_component>
      <object_component id="oc-21b">
         <name>.const:g_ppui32GPIOIntMapBlizzard</name>
         <load_address>0xdbf4</load_address>
         <run_address>0xdbf4</run_address>
         <size>0xc0</size>
         <input_file_ref idref="fl-1d"/>
      </object_component>
      <object_component id="oc-22c">
         <name>.const:g_pui32Regs</name>
         <load_address>0xdcb4</load_address>
         <run_address>0xdcb4</run_address>
         <size>0x9c</size>
         <input_file_ref idref="fl-20"/>
      </object_component>
      <object_component id="oc-221">
         <name>.const:g_pui32GPIOBaseAddrs</name>
         <load_address>0xdd50</load_address>
         <run_address>0xdd50</run_address>
         <size>0x90</size>
         <input_file_ref idref="fl-1d"/>
      </object_component>
      <object_component id="oc-210">
         <name>.const:g_pui32Xtals</name>
         <load_address>0xdde0</load_address>
         <run_address>0xdde0</run_address>
         <size>0x6c</size>
         <input_file_ref idref="fl-29"/>
      </object_component>
      <object_component id="oc-23d">
         <name>.const:g_ppui32TimerIntMap</name>
         <load_address>0xde4c</load_address>
         <run_address>0xde4c</run_address>
         <size>0x60</size>
         <input_file_ref idref="fl-2c"/>
      </object_component>
      <object_component id="oc-240">
         <name>.const:g_ppui32TimerIntMapSnowflake</name>
         <load_address>0xdeac</load_address>
         <run_address>0xdeac</run_address>
         <size>0x40</size>
         <input_file_ref idref="fl-2c"/>
      </object_component>
      <object_component id="oc-1d7">
         <name>.const:g_ppui32UARTIntMap</name>
         <load_address>0xdeec</load_address>
         <run_address>0xdeec</run_address>
         <size>0x40</size>
         <input_file_ref idref="fl-2d"/>
      </object_component>
      <object_component id="oc-1da">
         <name>.const:g_ppui32UARTIntMapSnowflake</name>
         <load_address>0xdf2c</load_address>
         <run_address>0xdf2c</run_address>
         <size>0x40</size>
         <input_file_ref idref="fl-2d"/>
      </object_component>
      <object_component id="oc-207">
         <name>.const:g_sXTALtoMEMTIM</name>
         <load_address>0xdf6c</load_address>
         <run_address>0xdf6c</run_address>
         <size>0x30</size>
         <input_file_ref idref="fl-29"/>
      </object_component>
      <object_component id="oc-229">
         <name>.const:g_pui32Priority</name>
         <load_address>0xdf9c</load_address>
         <run_address>0xdf9c</run_address>
         <size>0x20</size>
         <input_file_ref idref="fl-20"/>
      </object_component>
      <object_component id="oc-232">
         <name>.const:g_pui32Dii16Regs</name>
         <load_address>0xdfbc</load_address>
         <run_address>0xdfbc</run_address>
         <size>0x14</size>
         <input_file_ref idref="fl-20"/>
      </object_component>
      <object_component id="oc-22f">
         <name>.const:g_pui32EnRegs</name>
         <load_address>0xdfd0</load_address>
         <run_address>0xdfd0</run_address>
         <size>0x14</size>
         <input_file_ref idref="fl-20"/>
      </object_component>
      <object_component id="oc-235">
         <name>.const:g_pui32PendRegs</name>
         <load_address>0xdfe4</load_address>
         <run_address>0xdfe4</run_address>
         <size>0x14</size>
         <input_file_ref idref="fl-20"/>
      </object_component>
      <object_component id="oc-238">
         <name>.const:g_pui32UnpendRegs</name>
         <load_address>0xdff8</load_address>
         <run_address>0xdff8</run_address>
         <size>0x14</size>
         <input_file_ref idref="fl-20"/>
      </object_component>
      <object_component id="oc-1fd">
         <name>.const:.string</name>
         <load_address>0xe00c</load_address>
         <run_address>0xe00c</run_address>
         <size>0x12</size>
         <input_file_ref idref="fl-55"/>
      </object_component>
      <object_component id="oc-b8">
         <name>.const:g_ui32UARTBase</name>
         <load_address>0xe020</load_address>
         <run_address>0xe020</run_address>
         <size>0xc</size>
         <input_file_ref idref="fl-55"/>
      </object_component>
      <object_component id="oc-be">
         <name>.const:g_ui32UARTInt</name>
         <load_address>0xe02c</load_address>
         <run_address>0xe02c</run_address>
         <size>0xc</size>
         <input_file_ref idref="fl-55"/>
      </object_component>
      <object_component id="oc-bb">
         <name>.const:g_ui32UARTPeriph</name>
         <load_address>0xe038</load_address>
         <run_address>0xe038</run_address>
         <size>0xc</size>
         <input_file_ref idref="fl-55"/>
      </object_component>
      <object_component id="oc-213">
         <name>.const:g_pui32VCOFrequencies</name>
         <load_address>0xe044</load_address>
         <run_address>0xe044</run_address>
         <size>0x8</size>
         <input_file_ref idref="fl-29"/>
      </object_component>
      <object_component id="oc-85">
         <name>.const</name>
         <load_address>0xe04c</load_address>
         <run_address>0xe04c</run_address>
         <size>0x8</size>
         <input_file_ref idref="fl-d"/>
      </object_component>
      <object_component id="oc-cf">
         <name>.const</name>
         <load_address>0xe054</load_address>
         <run_address>0xe054</run_address>
         <size>0x4</size>
         <input_file_ref idref="fl-55"/>
      </object_component>
      <object_component id="oc-51c">
         <name>.cinit..data.load</name>
         <load_address>0xe058</load_address>
         <run_address>0xe058</run_address>
         <size>0x46</size>
      </object_component>
      <object_component id="oc-519">
         <name>__TI_handler_table</name>
         <load_address>0xe0a0</load_address>
         <run_address>0xe0a0</run_address>
         <size>0xc</size>
      </object_component>
      <object_component id="oc-51d">
         <name>.cinit..bss.load</name>
         <load_address>0xe0b0</load_address>
         <run_address>0xe0b0</run_address>
         <size>0x8</size>
      </object_component>
      <object_component id="oc-51b">
         <name>.cinit..vtable.load</name>
         <load_address>0xe0b8</load_address>
         <run_address>0xe0b8</run_address>
         <size>0x8</size>
      </object_component>
      <object_component id="oc-51a">
         <name>__TI_cinit_table</name>
         <load_address>0xe0c0</load_address>
         <run_address>0xe0c0</run_address>
         <size>0x18</size>
      </object_component>
      <object_component id="oc-226">
         <name>.vtable</name>
         <uninitialized>true</uninitialized>
         <run_address>0x20000000</run_address>
         <size>0x26c</size>
         <input_file_ref idref="fl-20"/>
      </object_component>
      <object_component id="oc-1b5">
         <name>.data</name>
         <load_address>0x2000594f</load_address>
         <run_address>0x2000594f</run_address>
         <size>0x1</size>
         <input_file_ref idref="fl-3"/>
      </object_component>
      <object_component id="oc-82">
         <name>.data</name>
         <load_address>0x200058a8</load_address>
         <run_address>0x200058a8</run_address>
         <size>0x3c</size>
         <input_file_ref idref="fl-b"/>
      </object_component>
      <object_component id="oc-2be">
         <name>.data</name>
         <load_address>0x20005930</load_address>
         <run_address>0x20005930</run_address>
         <size>0xc</size>
         <input_file_ref idref="fl-c"/>
      </object_component>
      <object_component id="oc-95">
         <name>.data</name>
         <load_address>0x20005924</load_address>
         <run_address>0x20005924</run_address>
         <size>0xc</size>
         <input_file_ref idref="fl-d"/>
      </object_component>
      <object_component id="oc-2a9">
         <name>.data</name>
         <load_address>0x20005914</load_address>
         <run_address>0x20005914</run_address>
         <size>0x10</size>
         <input_file_ref idref="fl-f"/>
      </object_component>
      <object_component id="oc-314">
         <name>.data</name>
         <load_address>0x2000594c</load_address>
         <run_address>0x2000594c</run_address>
         <size>0x3</size>
         <input_file_ref idref="fl-31"/>
      </object_component>
      <object_component id="oc-310">
         <name>.data:g_pui32CPUUsageTimerPeriph</name>
         <load_address>0x200058fc</load_address>
         <run_address>0x200058fc</run_address>
         <size>0x18</size>
         <input_file_ref idref="fl-54"/>
      </object_component>
      <object_component id="oc-30a">
         <name>.data:g_pui32CPUUsageTimerBase</name>
         <load_address>0x200058e4</load_address>
         <run_address>0x200058e4</run_address>
         <size>0x18</size>
         <input_file_ref idref="fl-54"/>
      </object_component>
      <object_component id="oc-c1">
         <name>.data</name>
         <load_address>0x2000593c</load_address>
         <run_address>0x2000593c</run_address>
         <size>0xc</size>
         <input_file_ref idref="fl-55"/>
      </object_component>
      <object_component id="oc-489">
         <name>.data</name>
         <load_address>0x20005948</load_address>
         <run_address>0x20005948</run_address>
         <size>0x4</size>
         <input_file_ref idref="fl-134"/>
      </object_component>
      <object_component id="oc-150">
         <name>.bss:pxReadyTasksLists</name>
         <uninitialized>true</uninitialized>
         <run_address>0x2000546c</run_address>
         <size>0x140</size>
         <input_file_ref idref="fl-b"/>
      </object_component>
      <object_component id="oc-172">
         <name>.bss:xDelayedTaskList1</name>
         <uninitialized>true</uninitialized>
         <run_address>0x20005608</run_address>
         <size>0x14</size>
         <input_file_ref idref="fl-b"/>
      </object_component>
      <object_component id="oc-175">
         <name>.bss:xDelayedTaskList2</name>
         <uninitialized>true</uninitialized>
         <run_address>0x2000561c</run_address>
         <size>0x14</size>
         <input_file_ref idref="fl-b"/>
      </object_component>
      <object_component id="oc-156">
         <name>.bss</name>
         <uninitialized>true</uninitialized>
         <run_address>0x20005680</run_address>
         <size>0x8</size>
         <input_file_ref idref="fl-b"/>
      </object_component>
      <object_component id="oc-168">
         <name>.bss:xPendingReadyList</name>
         <uninitialized>true</uninitialized>
         <run_address>0x20005630</run_address>
         <size>0x14</size>
         <input_file_ref idref="fl-b"/>
      </object_component>
      <object_component id="oc-153">
         <name>.bss:xTasksWaitingTermination</name>
         <uninitialized>true</uninitialized>
         <run_address>0x20005658</run_address>
         <size>0x14</size>
         <input_file_ref idref="fl-b"/>
      </object_component>
      <object_component id="oc-159">
         <name>.bss:xSuspendedTaskList</name>
         <uninitialized>true</uninitialized>
         <run_address>0x20005644</run_address>
         <size>0x14</size>
         <input_file_ref idref="fl-b"/>
      </object_component>
      <object_component id="oc-2c4">
         <name>.bss:xActiveTimerList1</name>
         <uninitialized>true</uninitialized>
         <run_address>0x200055e0</run_address>
         <size>0x14</size>
         <input_file_ref idref="fl-c"/>
      </object_component>
      <object_component id="oc-2c7">
         <name>.bss:xActiveTimerList2</name>
         <uninitialized>true</uninitialized>
         <run_address>0x200055f4</run_address>
         <size>0x14</size>
         <input_file_ref idref="fl-c"/>
      </object_component>
      <object_component id="oc-2c1">
         <name>.bss</name>
         <uninitialized>true</uninitialized>
         <run_address>0x20005688</run_address>
         <size>0x8</size>
         <input_file_ref idref="fl-c"/>
      </object_component>
      <object_component id="oc-2af">
         <name>.bss:ucHeap</name>
         <uninitialized>true</uninitialized>
         <run_address>0x2000026c</run_address>
         <size>0x5000</size>
         <input_file_ref idref="fl-f"/>
      </object_component>
      <object_component id="oc-2ac">
         <name>.bss:xStart</name>
         <uninitialized>true</uninitialized>
         <run_address>0x20005690</run_address>
         <size>0x8</size>
         <input_file_ref idref="fl-f"/>
      </object_component>
      <object_component id="oc-202">
         <name>.bss:g_pui8OversampleFactor</name>
         <uninitialized>true</uninitialized>
         <run_address>0x20005678</run_address>
         <size>0x8</size>
         <input_file_ref idref="fl-10"/>
      </object_component>
      <object_component id="oc-fc">
         <name>.bss</name>
         <uninitialized>true</uninitialized>
         <run_address>0x20005698</run_address>
         <size>0x4</size>
         <input_file_ref idref="fl-32"/>
      </object_component>
      <object_component id="oc-30d">
         <name>.bss</name>
         <uninitialized>true</uninitialized>
         <run_address>0x2000566c</run_address>
         <size>0xc</size>
         <input_file_ref idref="fl-54"/>
      </object_component>
      <object_component id="oc-b5">
         <name>.bss</name>
         <uninitialized>true</uninitialized>
         <run_address>0x200055cc</run_address>
         <size>0x14</size>
         <input_file_ref idref="fl-55"/>
      </object_component>
      <object_component id="oc-c7">
         <name>.bss:g_pcUARTRxHistoryBuffer</name>
         <uninitialized>true</uninitialized>
         <run_address>0x2000526c</run_address>
         <size>0x200</size>
         <input_file_ref idref="fl-55"/>
      </object_component>
      <object_component id="oc-c4">
         <name>.bss:g_usUARTRxHistoryOffset</name>
         <uninitialized>true</uninitialized>
         <run_address>0x200055ac</run_address>
         <size>0x20</size>
         <input_file_ref idref="fl-55"/>
      </object_component>
      <object_component id="oc-1b2">
         <name>.common:buttonsQueue</name>
         <uninitialized>true</uninitialized>
         <run_address>0x2000569c</run_address>
         <size>0x4</size>
      </object_component>
      <object_component id="oc-1b6">
         <name>.common:g_ui32CPUUsage</name>
         <uninitialized>true</uninitialized>
         <run_address>0x200056a0</run_address>
         <size>0x4</size>
      </object_component>
      <object_component id="oc-1af">
         <name>.common:g_ulSystemClock</name>
         <uninitialized>true</uninitialized>
         <run_address>0x200056a4</run_address>
         <size>0x4</size>
      </object_component>
      <object_component id="oc-21">
         <name>.stack</name>
         <uninitialized>true</uninitialized>
         <run_address>0x200056a8</run_address>
         <size>0x4</size>
         <input_file_ref idref="fl-11b"/>
      </object_component>
      <object_component id="oc-51e">
         <name>.stack</name>
         <uninitialized>true</uninitialized>
         <run_address>0x200056a8</run_address>
         <size>0x0</size>
      </object_component>
      <object_component id="oc-249">
         <name>.debug_info</name>
         <load_address>0x0</load_address>
         <run_address>0x0</run_address>
         <size>0x2af</size>
         <input_file_ref idref="fl-2"/>
      </object_component>
      <object_component id="oc-192">
         <name>.debug_info</name>
         <load_address>0x2af</load_address>
         <run_address>0x2af</run_address>
         <size>0x756</size>
         <input_file_ref idref="fl-2"/>
      </object_component>
      <object_component id="oc-108">
         <name>.debug_info</name>
         <load_address>0xa05</load_address>
         <run_address>0xa05</run_address>
         <size>0x26b</size>
         <input_file_ref idref="fl-2"/>
      </object_component>
      <object_component id="oc-4a">
         <name>.debug_info</name>
         <load_address>0xc70</load_address>
         <run_address>0xc70</run_address>
         <size>0x84</size>
         <input_file_ref idref="fl-2"/>
      </object_component>
      <object_component id="oc-1cb">
         <name>.debug_info</name>
         <load_address>0xcf4</load_address>
         <run_address>0xcf4</run_address>
         <size>0x297</size>
         <input_file_ref idref="fl-2"/>
      </object_component>
      <object_component id="oc-1de">
         <name>.debug_info</name>
         <load_address>0xf8b</load_address>
         <run_address>0xf8b</run_address>
         <size>0xef</size>
         <input_file_ref idref="fl-2"/>
      </object_component>
      <object_component id="oc-a4">
         <name>.debug_info</name>
         <load_address>0x107a</load_address>
         <run_address>0x107a</run_address>
         <size>0xbb</size>
         <input_file_ref idref="fl-2"/>
      </object_component>
      <object_component id="oc-1b0">
         <name>.debug_info</name>
         <load_address>0x1135</load_address>
         <run_address>0x1135</run_address>
         <size>0xa90</size>
         <input_file_ref idref="fl-3"/>
      </object_component>
      <object_component id="oc-90">
         <name>.debug_info</name>
         <load_address>0x1bc5</load_address>
         <run_address>0x1bc5</run_address>
         <size>0x943</size>
         <input_file_ref idref="fl-3"/>
      </object_component>
      <object_component id="oc-13d">
         <name>.debug_info</name>
         <load_address>0x2508</load_address>
         <run_address>0x2508</run_address>
         <size>0x30c</size>
         <input_file_ref idref="fl-3"/>
      </object_component>
      <object_component id="oc-18b">
         <name>.debug_info</name>
         <load_address>0x2814</load_address>
         <run_address>0x2814</run_address>
         <size>0x110</size>
         <input_file_ref idref="fl-3"/>
      </object_component>
      <object_component id="oc-101">
         <name>.debug_info</name>
         <load_address>0x2924</load_address>
         <run_address>0x2924</run_address>
         <size>0xed</size>
         <input_file_ref idref="fl-3"/>
      </object_component>
      <object_component id="oc-2a4">
         <name>.debug_info</name>
         <load_address>0x2a11</load_address>
         <run_address>0x2a11</run_address>
         <size>0x461</size>
         <input_file_ref idref="fl-3"/>
      </object_component>
      <object_component id="oc-d3">
         <name>.debug_info</name>
         <load_address>0x2e72</load_address>
         <run_address>0x2e72</run_address>
         <size>0x8b</size>
         <input_file_ref idref="fl-3"/>
      </object_component>
      <object_component id="oc-1d1">
         <name>.debug_info</name>
         <load_address>0x2efd</load_address>
         <run_address>0x2efd</run_address>
         <size>0x46</size>
         <input_file_ref idref="fl-3"/>
      </object_component>
      <object_component id="oc-1e6">
         <name>.debug_info</name>
         <load_address>0x2f43</load_address>
         <run_address>0x2f43</run_address>
         <size>0x2c</size>
         <input_file_ref idref="fl-3"/>
      </object_component>
      <object_component id="oc-9a">
         <name>.debug_info</name>
         <load_address>0x2f6f</load_address>
         <run_address>0x2f6f</run_address>
         <size>0x2c</size>
         <input_file_ref idref="fl-3"/>
      </object_component>
      <object_component id="oc-9f">
         <name>.debug_info</name>
         <load_address>0x2f9b</load_address>
         <run_address>0x2f9b</run_address>
         <size>0x53</size>
         <input_file_ref idref="fl-3"/>
      </object_component>
      <object_component id="oc-d9">
         <name>.debug_info</name>
         <load_address>0x2fee</load_address>
         <run_address>0x2fee</run_address>
         <size>0x2c</size>
         <input_file_ref idref="fl-3"/>
      </object_component>
      <object_component id="oc-1c1">
         <name>.debug_info</name>
         <load_address>0x301a</load_address>
         <run_address>0x301a</run_address>
         <size>0x14c</size>
         <input_file_ref idref="fl-3"/>
      </object_component>
      <object_component id="oc-43">
         <name>.debug_info</name>
         <load_address>0x3166</load_address>
         <run_address>0x3166</run_address>
         <size>0x387</size>
         <input_file_ref idref="fl-4"/>
      </object_component>
      <object_component id="oc-10">
         <name>.debug_info</name>
         <load_address>0x34ed</load_address>
         <run_address>0x34ed</run_address>
         <size>0xd6</size>
         <input_file_ref idref="fl-4"/>
      </object_component>
      <object_component id="oc-25">
         <name>.debug_info</name>
         <load_address>0x35c3</load_address>
         <run_address>0x35c3</run_address>
         <size>0x1f6</size>
         <input_file_ref idref="fl-4"/>
      </object_component>
      <object_component id="oc-1b3">
         <name>.debug_info</name>
         <load_address>0x37b9</load_address>
         <run_address>0x37b9</run_address>
         <size>0x5d4</size>
         <input_file_ref idref="fl-5"/>
      </object_component>
      <object_component id="oc-1aa">
         <name>.debug_info</name>
         <load_address>0x3d8d</load_address>
         <run_address>0x3d8d</run_address>
         <size>0x401</size>
         <input_file_ref idref="fl-5"/>
      </object_component>
      <object_component id="oc-320">
         <name>.debug_info</name>
         <load_address>0x418e</load_address>
         <run_address>0x418e</run_address>
         <size>0x1d2</size>
         <input_file_ref idref="fl-6"/>
      </object_component>
      <object_component id="oc-1c6">
         <name>.debug_info</name>
         <load_address>0x4360</load_address>
         <run_address>0x4360</run_address>
         <size>0x461</size>
         <input_file_ref idref="fl-6"/>
      </object_component>
      <object_component id="oc-3ff">
         <name>.debug_info</name>
         <load_address>0x47c1</load_address>
         <run_address>0x47c1</run_address>
         <size>0xcc</size>
         <input_file_ref idref="fl-6"/>
      </object_component>
      <object_component id="oc-1bc">
         <name>.debug_info</name>
         <load_address>0x488d</load_address>
         <run_address>0x488d</run_address>
         <size>0x53</size>
         <input_file_ref idref="fl-6"/>
      </object_component>
      <object_component id="oc-382">
         <name>.debug_info</name>
         <load_address>0x48e0</load_address>
         <run_address>0x48e0</run_address>
         <size>0x6d4</size>
         <input_file_ref idref="fl-7"/>
      </object_component>
      <object_component id="oc-427">
         <name>.debug_info</name>
         <load_address>0x4fb4</load_address>
         <run_address>0x4fb4</run_address>
         <size>0x39</size>
         <input_file_ref idref="fl-7"/>
      </object_component>
      <object_component id="oc-29a">
         <name>.debug_info</name>
         <load_address>0x4fed</load_address>
         <run_address>0x4fed</run_address>
         <size>0x46</size>
         <input_file_ref idref="fl-7"/>
      </object_component>
      <object_component id="oc-42c">
         <name>.debug_info</name>
         <load_address>0x5033</load_address>
         <run_address>0x5033</run_address>
         <size>0x76</size>
         <input_file_ref idref="fl-7"/>
      </object_component>
      <object_component id="oc-2b5">
         <name>.debug_info</name>
         <load_address>0x50a9</load_address>
         <run_address>0x50a9</run_address>
         <size>0x35a</size>
         <input_file_ref idref="fl-8"/>
      </object_component>
      <object_component id="oc-14b">
         <name>.debug_info</name>
         <load_address>0x5403</load_address>
         <run_address>0x5403</run_address>
         <size>0x4ec</size>
         <input_file_ref idref="fl-8"/>
      </object_component>
      <object_component id="oc-1d6">
         <name>.debug_info</name>
         <load_address>0x58ef</load_address>
         <run_address>0x58ef</run_address>
         <size>0x8a9</size>
         <input_file_ref idref="fl-9"/>
      </object_component>
      <object_component id="oc-aa">
         <name>.debug_info</name>
         <load_address>0x6198</load_address>
         <run_address>0x6198</run_address>
         <size>0x3489</size>
         <input_file_ref idref="fl-9"/>
      </object_component>
      <object_component id="oc-323">
         <name>.debug_info</name>
         <load_address>0x9621</load_address>
         <run_address>0x9621</run_address>
         <size>0x17d</size>
         <input_file_ref idref="fl-9"/>
      </object_component>
      <object_component id="oc-251">
         <name>.debug_info</name>
         <load_address>0x979e</load_address>
         <run_address>0x979e</run_address>
         <size>0x2c</size>
         <input_file_ref idref="fl-a"/>
      </object_component>
      <object_component id="oc-13c">
         <name>.debug_info</name>
         <load_address>0x97ca</load_address>
         <run_address>0x97ca</run_address>
         <size>0x978</size>
         <input_file_ref idref="fl-b"/>
      </object_component>
      <object_component id="oc-83">
         <name>.debug_info</name>
         <load_address>0xa142</load_address>
         <run_address>0xa142</run_address>
         <size>0x3a9</size>
         <input_file_ref idref="fl-b"/>
      </object_component>
      <object_component id="oc-151">
         <name>.debug_info</name>
         <load_address>0xa4eb</load_address>
         <run_address>0xa4eb</run_address>
         <size>0xea</size>
         <input_file_ref idref="fl-b"/>
      </object_component>
      <object_component id="oc-173">
         <name>.debug_info</name>
         <load_address>0xa5d5</load_address>
         <run_address>0xa5d5</run_address>
         <size>0xea</size>
         <input_file_ref idref="fl-b"/>
      </object_component>
      <object_component id="oc-176">
         <name>.debug_info</name>
         <load_address>0xa6bf</load_address>
         <run_address>0xa6bf</run_address>
         <size>0xea</size>
         <input_file_ref idref="fl-b"/>
      </object_component>
      <object_component id="oc-157">
         <name>.debug_info</name>
         <load_address>0xa7a9</load_address>
         <run_address>0xa7a9</run_address>
         <size>0x12d</size>
         <input_file_ref idref="fl-b"/>
      </object_component>
      <object_component id="oc-169">
         <name>.debug_info</name>
         <load_address>0xa8d6</load_address>
         <run_address>0xa8d6</run_address>
         <size>0xea</size>
         <input_file_ref idref="fl-b"/>
      </object_component>
      <object_component id="oc-154">
         <name>.debug_info</name>
         <load_address>0xa9c0</load_address>
         <run_address>0xa9c0</run_address>
         <size>0xf8</size>
         <input_file_ref idref="fl-b"/>
      </object_component>
      <object_component id="oc-15a">
         <name>.debug_info</name>
         <load_address>0xaab8</load_address>
         <run_address>0xaab8</run_address>
         <size>0xec</size>
         <input_file_ref idref="fl-b"/>
      </object_component>
      <object_component id="oc-89">
         <name>.debug_info</name>
         <load_address>0xaba4</load_address>
         <run_address>0xaba4</run_address>
         <size>0x5668</size>
         <input_file_ref idref="fl-b"/>
      </object_component>
      <object_component id="oc-29f">
         <name>.debug_info</name>
         <load_address>0x1020c</load_address>
         <run_address>0x1020c</run_address>
         <size>0x15b</size>
         <input_file_ref idref="fl-b"/>
      </object_component>
      <object_component id="oc-2cb">
         <name>.debug_info</name>
         <load_address>0x10367</load_address>
         <run_address>0x10367</run_address>
         <size>0x828</size>
         <input_file_ref idref="fl-c"/>
      </object_component>
      <object_component id="oc-2c5">
         <name>.debug_info</name>
         <load_address>0x10b8f</load_address>
         <run_address>0x10b8f</run_address>
         <size>0xea</size>
         <input_file_ref idref="fl-c"/>
      </object_component>
      <object_component id="oc-2c8">
         <name>.debug_info</name>
         <load_address>0x10c79</load_address>
         <run_address>0x10c79</run_address>
         <size>0xea</size>
         <input_file_ref idref="fl-c"/>
      </object_component>
      <object_component id="oc-2c2">
         <name>.debug_info</name>
         <load_address>0x10d63</load_address>
         <run_address>0x10d63</run_address>
         <size>0x122</size>
         <input_file_ref idref="fl-c"/>
      </object_component>
      <object_component id="oc-2bf">
         <name>.debug_info</name>
         <load_address>0x10e85</load_address>
         <run_address>0x10e85</run_address>
         <size>0x10e</size>
         <input_file_ref idref="fl-c"/>
      </object_component>
      <object_component id="oc-15d">
         <name>.debug_info</name>
         <load_address>0x10f93</load_address>
         <run_address>0x10f93</run_address>
         <size>0x22f5</size>
         <input_file_ref idref="fl-c"/>
      </object_component>
      <object_component id="oc-2cc">
         <name>.debug_info</name>
         <load_address>0x13288</load_address>
         <run_address>0x13288</run_address>
         <size>0x1e2</size>
         <input_file_ref idref="fl-c"/>
      </object_component>
      <object_component id="oc-99">
         <name>.debug_info</name>
         <load_address>0x1346a</load_address>
         <run_address>0x1346a</run_address>
         <size>0x46f</size>
         <input_file_ref idref="fl-d"/>
      </object_component>
      <object_component id="oc-86">
         <name>.debug_info</name>
         <load_address>0x138d9</load_address>
         <run_address>0x138d9</run_address>
         <size>0x15f</size>
         <input_file_ref idref="fl-d"/>
      </object_component>
      <object_component id="oc-96">
         <name>.debug_info</name>
         <load_address>0x13a38</load_address>
         <run_address>0x13a38</run_address>
         <size>0x16a</size>
         <input_file_ref idref="fl-d"/>
      </object_component>
      <object_component id="oc-30">
         <name>.debug_info</name>
         <load_address>0x13ba2</load_address>
         <run_address>0x13ba2</run_address>
         <size>0x972</size>
         <input_file_ref idref="fl-d"/>
      </object_component>
      <object_component id="oc-2b">
         <name>.debug_info</name>
         <load_address>0x14514</load_address>
         <run_address>0x14514</run_address>
         <size>0x24f</size>
         <input_file_ref idref="fl-e"/>
      </object_component>
      <object_component id="oc-2b3">
         <name>.debug_info</name>
         <load_address>0x14763</load_address>
         <run_address>0x14763</run_address>
         <size>0x46d</size>
         <input_file_ref idref="fl-f"/>
      </object_component>
      <object_component id="oc-2b0">
         <name>.debug_info</name>
         <load_address>0x14bd0</load_address>
         <run_address>0x14bd0</run_address>
         <size>0xe5</size>
         <input_file_ref idref="fl-f"/>
      </object_component>
      <object_component id="oc-2ad">
         <name>.debug_info</name>
         <load_address>0x14cb5</load_address>
         <run_address>0x14cb5</run_address>
         <size>0xe5</size>
         <input_file_ref idref="fl-f"/>
      </object_component>
      <object_component id="oc-2aa">
         <name>.debug_info</name>
         <load_address>0x14d9a</load_address>
         <run_address>0x14d9a</run_address>
         <size>0x199</size>
         <input_file_ref idref="fl-f"/>
      </object_component>
      <object_component id="oc-145">
         <name>.debug_info</name>
         <load_address>0x14f33</load_address>
         <run_address>0x14f33</run_address>
         <size>0x86d</size>
         <input_file_ref idref="fl-f"/>
      </object_component>
      <object_component id="oc-387">
         <name>.debug_info</name>
         <load_address>0x157a0</load_address>
         <run_address>0x157a0</run_address>
         <size>0x62</size>
         <input_file_ref idref="fl-f"/>
      </object_component>
      <object_component id="oc-206">
         <name>.debug_info</name>
         <load_address>0x15802</load_address>
         <run_address>0x15802</run_address>
         <size>0x359</size>
         <input_file_ref idref="fl-10"/>
      </object_component>
      <object_component id="oc-203">
         <name>.debug_info</name>
         <load_address>0x15b5b</load_address>
         <run_address>0x15b5b</run_address>
         <size>0xeb</size>
         <input_file_ref idref="fl-10"/>
      </object_component>
      <object_component id="oc-df">
         <name>.debug_info</name>
         <load_address>0x15c46</load_address>
         <run_address>0x15c46</run_address>
         <size>0x303f</size>
         <input_file_ref idref="fl-10"/>
      </object_component>
      <object_component id="oc-20b">
         <name>.debug_info</name>
         <load_address>0x18c85</load_address>
         <run_address>0x18c85</run_address>
         <size>0x330</size>
         <input_file_ref idref="fl-14"/>
      </object_component>
      <object_component id="oc-225">
         <name>.debug_info</name>
         <load_address>0x18fb5</load_address>
         <run_address>0x18fb5</run_address>
         <size>0x383</size>
         <input_file_ref idref="fl-1d"/>
      </object_component>
      <object_component id="oc-21c">
         <name>.debug_info</name>
         <load_address>0x19338</load_address>
         <run_address>0x19338</run_address>
         <size>0xf4</size>
         <input_file_ref idref="fl-1d"/>
      </object_component>
      <object_component id="oc-21f">
         <name>.debug_info</name>
         <load_address>0x1942c</load_address>
         <run_address>0x1942c</run_address>
         <size>0xf6</size>
         <input_file_ref idref="fl-1d"/>
      </object_component>
      <object_component id="oc-222">
         <name>.debug_info</name>
         <load_address>0x19522</load_address>
         <run_address>0x19522</run_address>
         <size>0xe8</size>
         <input_file_ref idref="fl-1d"/>
      </object_component>
      <object_component id="oc-eb">
         <name>.debug_info</name>
         <load_address>0x1960a</load_address>
         <run_address>0x1960a</run_address>
         <size>0x3941</size>
         <input_file_ref idref="fl-1d"/>
      </object_component>
      <object_component id="oc-23c">
         <name>.debug_info</name>
         <load_address>0x1cf4b</load_address>
         <run_address>0x1cf4b</run_address>
         <size>0x360</size>
         <input_file_ref idref="fl-20"/>
      </object_component>
      <object_component id="oc-22a">
         <name>.debug_info</name>
[...]
         <object_component_ref idref="oc-af"/>
      </symbol>
      <symbol id="sm-e9a">
         <name>UARTSmartCardDisable</name>
         <value>0x9511</value>
         <object_component_ref idref="oc-af"/>
      </symbol>
      <symbol id="sm-e9b">
         <name>UARTDisable</name>
         <value>0x93f1</value>
         <object_component_ref idref="oc-af"/>
      </symbol>
      <symbol id="sm-e9c">
         <name>UART9BitDisable</name>
         <value>0x9a43</value>
         <object_component_ref idref="oc-af"/>
      </symbol>
      <symbol id="sm-e9d">
         <name>UARTFIFOLevelGet</name>
         <value>0x922f</value>
         <object_component_ref idref="oc-af"/>
      </symbol>
      <symbol id="sm-e9e">
         <name>UARTBusy</name>
         <value>0x9801</value>
         <object_component_ref idref="oc-af"/>
      </symbol>
      <symbol id="sm-e9f">
         <name>UARTDisableSIR</name>
         <value>0x94ad</value>
         <object_component_ref idref="oc-af"/>
      </symbol>
      <symbol id="sm-ea0">
         <name>UARTLoopbackEnable</name>
         <value>0x9af1</value>
         <object_component_ref idref="oc-af"/>
      </symbol>
      <symbol id="sm-ea1">
         <name>UARTIntEnable</name>
         <value>0x98a5</value>
         <object_component_ref idref="oc-af"/>
      </symbol>
      <symbol id="sm-ea2">
         <name>UARTCharsAvail</name>
         <value>0x96c1</value>
         <object_component_ref idref="oc-af"/>
      </symbol>
      <symbol id="sm-ea3">
         <name>UARTCharGetNonBlocking</name>
         <value>0x9719</value>
         <object_component_ref idref="oc-af"/>
      </symbol>
      <symbol id="sm-ea4">
         <name>UARTClockSourceSet</name>
         <value>0x99cb</value>
         <object_component_ref idref="oc-af"/>
      </symbol>
      <symbol id="sm-ea5">
         <name>UARTTxIntModeGet</name>
         <value>0x969d</value>
         <object_component_ref idref="oc-af"/>
      </symbol>
      <symbol id="sm-ea6">
         <name>UARTModemStatusGet</name>
         <value>0x95dd</value>
         <object_component_ref idref="oc-af"/>
      </symbol>
      <symbol id="sm-ea7">
         <name>UARTIntDisable</name>
         <value>0x98cb</value>
         <object_component_ref idref="oc-af"/>
      </symbol>
      <symbol id="sm-ea8">
         <name>UARTCharPut</name>
         <value>0x9799</value>
         <object_component_ref idref="oc-af"/>
      </symbol>
      <symbol id="sm-ea9">
         <name>UARTParityModeSet</name>
         <value>0x9153</value>
         <object_component_ref idref="oc-af"/>
      </symbol>
      <symbol id="sm-eaa">
         <name>UARTRxErrorGet</name>
         <value>0x998d</value>
         <object_component_ref idref="oc-af"/>
      </symbol>
      <symbol id="sm-eab">
         <name>UARTConfigGetExpClk</name>
         <value>0x9349</value>
         <object_component_ref idref="oc-af"/>
      </symbol>
      <symbol id="sm-eac">
         <name>UARTEnableSIR</name>
         <value>0x9471</value>
         <object_component_ref idref="oc-af"/>
      </symbol>
      <symbol id="sm-ead">
         <name>UARTEnable</name>
         <value>0x93a9</value>
         <object_component_ref idref="oc-af"/>
      </symbol>
      <symbol id="sm-eae">
         <name>UART9BitAddrSend</name>
         <value>0x9a9b</value>
         <object_component_ref idref="oc-af"/>
      </symbol>
      <symbol id="sm-eaf">
         <name>UARTModemControlGet</name>
         <value>0x95bd</value>
         <object_component_ref idref="oc-af"/>
      </symbol>
      <symbol id="sm-eb0">
         <name>UARTSmartCardEnable</name>
         <value>0x94d1</value>
         <object_component_ref idref="oc-af"/>
      </symbol>
      <symbol id="sm-eb1">
         <name>UARTFlowControlGet</name>
         <value>0x963b</value>
         <object_component_ref idref="oc-af"/>
      </symbol>
      <symbol id="sm-eb2">
         <name>UARTFIFOEnable</name>
         <value>0x9429</value>
         <object_component_ref idref="oc-af"/>
      </symbol>
      <symbol id="sm-eb3">
         <name>UARTIntClear</name>
         <value>0x9921</value>
         <object_component_ref idref="oc-af"/>
      </symbol>
      <symbol id="sm-eb4">
         <name>UARTIntStatus</name>
         <value>0x98f1</value>
         <object_component_ref idref="oc-af"/>
      </symbol>
      <symbol id="sm-eb5">
         <name>UARTDMADisable</name>
         <value>0x9967</value>
         <object_component_ref idref="oc-af"/>
      </symbol>
      <symbol id="sm-eb6">
         <name>UART9BitEnable</name>
         <value>0x9a1f</value>
         <object_component_ref idref="oc-af"/>
      </symbol>
      <symbol id="sm-eb7">
         <name>UARTSpaceAvail</name>
         <value>0x96ed</value>
         <object_component_ref idref="oc-af"/>
      </symbol>
      <symbol id="sm-eb8">
         <name>UARTCharGet</name>
         <value>0x9743</value>
         <object_component_ref idref="oc-af"/>
      </symbol>
      <symbol id="sm-eb9">
         <name>UARTFIFOLevelSet</name>
         <value>0x91bd</value>
         <object_component_ref idref="oc-af"/>
      </symbol>
      <symbol id="sm-eba">
         <name>UARTModemControlClear</name>
         <value>0x9579</value>
         <object_component_ref idref="oc-af"/>
      </symbol>
      <symbol id="sm-ebb">
         <name>UARTParityModeGet</name>
         <value>0x919f</value>
         <object_component_ref idref="oc-af"/>
      </symbol>
      <symbol id="sm-ebc">
         <name>UARTIntRegister</name>
         <value>0x982d</value>
         <object_component_ref idref="oc-af"/>
      </symbol>
      <symbol id="sm-ebd">
         <name>UARTBreakCtl</name>
         <value>0x97c9</value>
         <object_component_ref idref="oc-af"/>
      </symbol>
      <symbol id="sm-ebe">
         <name>UART9BitAddrSet</name>
         <value>0x9a67</value>
         <object_component_ref idref="oc-af"/>
      </symbol>
      <symbol id="sm-ee7">
         <name>ButtonsInit</name>
         <value>0xc6e7</value>
         <object_component_ref idref="oc-19d"/>
      </symbol>
      <symbol id="sm-ee8">
         <name>ButtonsPoll</name>
         <value>0xc641</value>
         <object_component_ref idref="oc-19d"/>
      </symbol>
      <symbol id="sm-f12">
         <name>configADC_ADCSet8BitResolution</name>
         <value>0xbdf1</value>
         <object_component_ref idref="oc-3b"/>
      </symbol>
      <symbol id="sm-f13">
         <name>configADC_TimerConfig</name>
         <value>0xbe69</value>
         <object_component_ref idref="oc-3b"/>
      </symbol>
      <symbol id="sm-f14">
         <name>configADC_LeeADC</name>
         <value>0xbd7b</value>
         <object_component_ref idref="oc-3b"/>
      </symbol>
      <symbol id="sm-f15">
         <name>configADC_DisparaADC</name>
         <value>0xbcc1</value>
         <object_component_ref idref="oc-3b"/>
      </symbol>
      <symbol id="sm-f16">
         <name>configADC_TimerStop</name>
         <value>0xbea9</value>
         <object_component_ref idref="oc-3b"/>
      </symbol>
      <symbol id="sm-f17">
         <name>configADC_ADCSet12BitResolution</name>
         <value>0xbdfd</value>
         <object_component_ref idref="oc-3b"/>
      </symbol>
      <symbol id="sm-f18">
         <name>configADC_ISR</name>
         <value>0xbd8f</value>
         <object_component_ref idref="oc-3b"/>
      </symbol>
      <symbol id="sm-f19">
         <name>configADC_TimerStart</name>
         <value>0xbe9b</value>
         <object_component_ref idref="oc-3b"/>
      </symbol>
      <symbol id="sm-f1a">
         <name>configADC_IniciaADC</name>
         <value>0xbccd</value>
         <object_component_ref idref="oc-3b"/>
      </symbol>
      <symbol id="sm-f1b">
         <name>configADC_TimerSetFrequency</name>
         <value>0xbeb7</value>
         <object_component_ref idref="oc-3b"/>
      </symbol>
      <symbol id="sm-f1c">
         <name>configADC_SetTimerTrigger</name>
         <value>0xbe09</value>
         <object_component_ref idref="oc-3b"/>
      </symbol>
      <symbol id="sm-f1d">
         <name>configADC_SetProcessorTrigger</name>
         <value>0xbe39</value>
         <object_component_ref idref="oc-3b"/>
      </symbol>
      <symbol id="sm-f56">
         <name>GetOverflowCounts</name>
         <value>0xd751</value>
         <object_component_ref idref="oc-16b"/>
      </symbol>
      <symbol id="sm-f57">
         <name>vConfigureTimerForRunTimeStats</name>
         <value>0xd275</value>
         <object_component_ref idref="oc-162"/>
      </symbol>
      <symbol id="sm-f88">
         <name>CPUUsageInit</name>
         <value>0xc8cb</value>
         <object_component_ref idref="oc-197"/>
      </symbol>
      <symbol id="sm-f89">
         <name>CPUUsageTick</name>
         <value>0xc88d</value>
         <object_component_ref idref="oc-197"/>
      </symbol>
      <symbol id="sm-1093">
         <name>UARTTxBytesFree</name>
         <value>0x8f33</value>
         <object_component_ref idref="oc-35"/>
      </symbol>
      <symbol id="sm-1094">
         <name>UARTFlushRx</name>
         <value>0x8f3f</value>
         <object_component_ref idref="oc-35"/>
      </symbol>
      <symbol id="sm-1095">
         <name>UARTgetc</name>
         <value>0x8bc9</value>
         <object_component_ref idref="oc-35"/>
      </symbol>
      <symbol id="sm-1096">
         <name>UARTgets</name>
         <value>0x8769</value>
         <object_component_ref idref="oc-35"/>
      </symbol>
      <symbol id="sm-1097">
         <name>UARTFlushTx</name>
         <value>0x8f4d</value>
         <object_component_ref idref="oc-35"/>
      </symbol>
      <symbol id="sm-1098">
         <name>UARTStdioConfig</name>
         <value>0x8573</value>
         <object_component_ref idref="oc-35"/>
      </symbol>
      <symbol id="sm-1099">
         <name>UARTStdioIntHandler</name>
         <value>0x8f9b</value>
         <object_component_ref idref="oc-35"/>
      </symbol>
      <symbol id="sm-109a">
         <name>UARTRxBytesAvail</name>
         <value>0x8f27</value>
         <object_component_ref idref="oc-35"/>
      </symbol>
      <symbol id="sm-109b">
         <name>UARTwrite</name>
         <value>0x869f</value>
         <object_component_ref idref="oc-35"/>
      </symbol>
      <symbol id="sm-109c">
         <name>UARTEchoSet</name>
         <value>0x8f73</value>
         <object_component_ref idref="oc-35"/>
      </symbol>
      <symbol id="sm-109d">
         <name>UARTprintf</name>
         <value>0x8f03</value>
         <object_component_ref idref="oc-35"/>
      </symbol>
      <symbol id="sm-109e">
         <name>UARTvprintf</name>
         <value>0x8bf1</value>
         <object_component_ref idref="oc-35"/>
      </symbol>
      <symbol id="sm-10ad">
         <name>__aeabi_uidivmod</name>
         <value>0xd5c1</value>
         <object_component_ref idref="oc-ca"/>
      </symbol>
      <symbol id="sm-10ae">
         <name>__aeabi_uidiv</name>
         <value>0xd5c1</value>
         <object_component_ref idref="oc-ca"/>
      </symbol>
      <symbol id="sm-10c5">
         <name>__aeabi_dsub</name>
         <value>0xc0ed</value>
         <object_component_ref idref="oc-2fa"/>
      </symbol>
      <symbol id="sm-10c6">
         <name>__aeabi_dadd</name>
         <value>0xc0f7</value>
         <object_component_ref idref="oc-2fa"/>
      </symbol>
      <symbol id="sm-10d1">
         <name>__aeabi_dmul</name>
         <value>0xcbe5</value>
         <object_component_ref idref="oc-2f5"/>
      </symbol>
      <symbol id="sm-10db">
         <name>__aeabi_d2uiz</name>
         <value>0xd57d</value>
         <object_component_ref idref="oc-2ff"/>
      </symbol>
      <symbol id="sm-10e6">
         <name>__aeabi_i2d</name>
         <value>0xd6f5</value>
         <object_component_ref idref="oc-2f0"/>
      </symbol>
      <symbol id="sm-1101">
         <name>memcpy</name>
         <value>0xcf4f</value>
         <object_component_ref idref="oc-4f"/>
      </symbol>
      <symbol id="sm-1102">
         <name>__aeabi_memcpy</name>
         <value>0xcf4f</value>
         <object_component_ref idref="oc-4f"/>
      </symbol>
      <symbol id="sm-1103">
         <name>__aeabi_memcpy8</name>
         <value>0xcf4f</value>
         <object_component_ref idref="oc-4f"/>
      </symbol>
      <symbol id="sm-1104">
         <name>__aeabi_memcpy4</name>
         <value>0xcf4f</value>
         <object_component_ref idref="oc-4f"/>
      </symbol>
      <symbol id="sm-110e">
         <name>__aeabi_ui2d</name>
         <value>0xd775</value>
         <object_component_ref idref="oc-304"/>
      </symbol>
      <symbol id="sm-111d">
         <name>__aeabi_memset</name>
         <value>0xd18f</value>
         <object_component_ref idref="oc-122"/>
      </symbol>
      <symbol id="sm-111e">
         <name>memset</name>
         <value>0xd195</value>
         <object_component_ref idref="oc-122"/>
      </symbol>
      <symbol id="sm-111f">
         <name>__aeabi_memset8</name>
         <value>0xd18f</value>
         <object_component_ref idref="oc-122"/>
      </symbol>
      <symbol id="sm-1120">
         <name>__aeabi_memset4</name>
         <value>0xd18f</value>
         <object_component_ref idref="oc-122"/>
      </symbol>
      <symbol id="sm-1121">
         <name>__aeabi_memclr8</name>
         <value>0xd18d</value>
         <object_component_ref idref="oc-122"/>
      </symbol>
      <symbol id="sm-1122">
         <name>__aeabi_memclr4</name>
         <value>0xd18d</value>
         <object_component_ref idref="oc-122"/>
      </symbol>
      <symbol id="sm-1123">
         <name>__aeabi_memclr</name>
         <value>0xd18d</value>
         <object_component_ref idref="oc-122"/>
      </symbol>
      <symbol id="sm-1135">
         <name>__TI_zero_init</name>
         <value>0xd83b</value>
         <object_component_ref idref="oc-61"/>
      </symbol>
      <symbol id="sm-114c">
         <name>__TI_decompress_none</name>
         <value>0xd82d</value>
         <object_component_ref idref="oc-18"/>
      </symbol>
      <symbol id="sm-116f">
         <name>__TI_decompress_lzss</name>
         <value>0xd2dd</value>
         <object_component_ref idref="oc-12"/>
      </symbol>
      <symbol id="sm-1182">
         <name>__stack</name>
         <value>0x200056a8</value>
         <object_component_ref idref="oc-21"/>
      </symbol>
      <symbol id="sm-1183">
         <name>_c_int00_noargs</name>
         <value>0xd6bd</value>
         <object_component_ref idref="oc-6d"/>
      </symbol>
      <symbol id="sm-118e">
         <name>C$$EXIT</name>
         <value>0xd863</value>
         <object_component_ref idref="oc-25a"/>
      </symbol>
      <symbol id="sm-118f">
         <name>abort</name>
         <value>0xd863</value>
         <object_component_ref idref="oc-25a"/>
      </symbol>
      <symbol id="sm-11b8">
         <name>sprintf</name>
         <value>0xd601</value>
         <object_component_ref idref="oc-184"/>
      </symbol>
      <symbol id="sm-11c7">
         <name>strcpy</name>
         <value>0xd7f3</value>
         <object_component_ref idref="oc-178"/>
      </symbol>
      <symbol id="sm-11d5">
         <name>strlen</name>
         <value>0xd807</value>
         <object_component_ref idref="oc-17e"/>
      </symbol>
      <symbol id="sm-11df">
         <name>__aeabi_idiv0</name>
         <value>0xa577</value>
         <object_component_ref idref="oc-1f7"/>
      </symbol>
      <symbol id="sm-11e0">
         <name>__aeabi_ldiv0</name>
         <value>0xa577</value>
         <object_component_ref idref="oc-1f7"/>
      </symbol>
      <symbol id="sm-1208">
         <name>__TI_auto_init_nobinit_nopinit</name>
         <value>0xd539</value>
         <object_component_ref idref="oc-266"/>
      </symbol>
      <symbol id="sm-1212">
         <name>_system_pre_init</name>
         <value>0xd85f</value>
         <object_component_ref idref="oc-128"/>
      </symbol>
      <symbol id="sm-1378">
         <name>__TI_printfi</name>
         <value>0x9b19</value>
         <object_component_ref idref="oc-2dc"/>
      </symbol>
      <symbol id="sm-138e">
         <name>atoi</name>
         <value>0xd4a5</value>
         <object_component_ref idref="oc-3a0"/>
      </symbol>
      <symbol id="sm-1399">
         <name>_ctypes_</name>
         <value>0xda18</value>
         <object_component_ref idref="oc-431"/>
      </symbol>
      <symbol id="sm-13a8">
         <name>ltoa</name>
         <value>0xd3ff</value>
         <object_component_ref idref="oc-44c"/>
      </symbol>
      <symbol id="sm-13b8">
         <name>memccpy</name>
         <value>0xd795</value>
         <object_component_ref idref="oc-3c9"/>
      </symbol>
      <symbol id="sm-13c8">
         <name>strchr</name>
         <value>0xd7c9</value>
         <object_component_ref idref="oc-479"/>
      </symbol>
      <symbol id="sm-13e1">
         <name>wcslen</name>
         <value>0xd81b</value>
         <object_component_ref idref="oc-3cf"/>
      </symbol>
      <symbol id="sm-1401">
         <name>frexpl</name>
         <value>0xd345</value>
         <object_component_ref idref="oc-46d"/>
      </symbol>
      <symbol id="sm-1402">
         <name>frexp</name>
         <value>0xd345</value>
         <object_component_ref idref="oc-46d"/>
      </symbol>
      <symbol id="sm-141f">
         <name>scalbn</name>
         <value>0xcad5</value>
         <object_component_ref idref="oc-473"/>
      </symbol>
      <symbol id="sm-1420">
         <name>scalbnl</name>
         <value>0xcad5</value>
         <object_component_ref idref="oc-473"/>
      </symbol>
      <symbol id="sm-1421">
         <name>ldexpl</name>
         <value>0xcad5</value>
         <object_component_ref idref="oc-473"/>
      </symbol>
      <symbol id="sm-1422">
         <name>ldexp</name>
         <value>0xcad5</value>
         <object_component_ref idref="oc-473"/>
      </symbol>
      <symbol id="sm-1444">
         <name>__aeabi_cdcmpeq</name>
         <value>0xd081</value>
         <object_component_ref idref="oc-3ac"/>
      </symbol>
      <symbol id="sm-1445">
         <name>__aeabi_cdcmple</name>
         <value>0xd081</value>
         <object_component_ref idref="oc-3ac"/>
      </symbol>
      <symbol id="sm-1446">
         <name>__aeabi_cdrcmple</name>
         <value>0xd107</value>
         <object_component_ref idref="oc-442"/>
      </symbol>
      <symbol id="sm-145a">
         <name>__aeabi_ddiv</name>
         <value>0xc3e1</value>
         <object_component_ref idref="oc-43d"/>
      </symbol>
      <symbol id="sm-1464">
         <name>__aeabi_d2iz</name>
         <value>0xd4f1</value>
         <object_component_ref idref="oc-447"/>
      </symbol>
      <symbol id="sm-1471">
         <name>__aeabi_uldivmod</name>
         <value>0xcfeb</value>
         <object_component_ref idref="oc-436"/>
      </symbol>
      <symbol id="sm-1487">
         <name>__aeabi_errno_addr</name>
         <value>0xd851</value>
         <object_component_ref idref="oc-3d5"/>
      </symbol>
      <symbol id="sm-1488">
         <name>errno</name>
         <value>0x20005948</value>
         <object_component_ref idref="oc-489"/>
      </symbol>
      <symbol id="sm-1492">
         <name>copysign</name>
         <value>0xd7df</value>
         <object_component_ref idref="oc-4c6"/>
      </symbol>
      <symbol id="sm-1493">
         <name>copysignl</name>
         <value>0xd7df</value>
         <object_component_ref idref="oc-4c6"/>
      </symbol>
      <symbol id="sm-1494">
         <name>__TI_static_base__</name>
         <value>0x0</value>
      </symbol>
      <symbol id="sm-1497">
         <name>__mpu_init</name>
         <value>0x0</value>
      </symbol>
      <symbol id="sm-1498">
         <name>_system_post_cinit</name>
         <value>0x0</value>
      </symbol>
   </symbol_table>
   <title>Link successful</title>
</link_info>
